
**** Clean-only build of configuration RAM for project xyp1022_project-core00 ****
Build complete for project xyp1022_project-core00

**** Build of configuration RAM for project xyp1022_project-core00 ****

C:\Freescale\CW_PA_v10.5.1\gnu\bin\mingw32-make -j32 all 
'Building file: C:/PPC/project_0721/xyp1022_project/libs/coremark/core_list_join.c'
'Building file: C:/PPC/project_0721/xyp1022_project/libs/coremark/core_main.c'
'Building file: C:/PPC/project_0721/xyp1022_project/libs/coremark/core_matrix.c'
'Building file: C:/PPC/project_0721/xyp1022_project/libs/coremark/core_portme.c'
'Building file: C:/PPC/project_0721/xyp1022_project/libs/coremark/core_state.c'
'Building file: C:/PPC/project_0721/xyp1022_project/libs/coremark/core_util.c'
'Building file: C:/PPC/project_0721/xyp1022_project/libs/xprintf.c'
'Building file: C:/PPC/project_0721/xyp1022_project/libs/xshell.c'
'Building file: C:/PPC/project_0721/xyp1022_project/libs/xshell_command.c'
'Building file: C:/PPC/project_0721/xyp1022_project/libs/ymodem.c'
'Building file: C:/PPC/project_0721/xyp1022_project/ThirdLib/Sources/acu.c'
'Building file: C:/PPC/project_0721/xyp1022_project/ThirdLib/Sources/axi_law_init.c'
'Building file: C:/PPC/project_0721/xyp1022_project/ThirdLib/Sources/axidma_test.c'
'Building file: C:/PPC/project_0721/xyp1022_project/ThirdLib/Sources/cc_law_init.c'
'Building file: C:/PPC/project_0721/xyp1022_project/ThirdLib/Sources/dwc_mmc.c'
'Building file: C:/PPC/project_0721/xyp1022_project/ThirdLib/Sources/ebc.c'
'Building file: C:/PPC/project_0721/xyp1022_project/ThirdLib/Sources/exp_default.c'
'Building file: C:/PPC/project_0721/xyp1022_project/ThirdLib/Sources/interrupt.c'
'Building file: C:/PPC/project_0721/xyp1022_project/ThirdLib/Sources/mmc_basic.c'
'Building file: C:/PPC/project_0721/xyp1022_project/ThirdLib/Sources/mmu.c'
'Building file: C:/PPC/project_0721/xyp1022_project/ThirdLib/Sources/mpic_init.c'
'Building file: C:/PPC/project_0721/xyp1022_project/ThirdLib/Sources/pamu_init.c'
'Building file: C:/PPC/project_0721/xyp1022_project/ThirdLib/Sources/spsFlash.c'
'Building file: C:/PPC/project_0721/xyp1022_project/ThirdLib/Sources/sst_flash.c'
'Building file: C:/PPC/project_0721/xyp1022_project/ThirdLib/Lib/cpr_init.c'
'Building file: C:/PPC/project_0721/xyp1022_project/ThirdLib/Lib/ddr34_init.c'
'Building file: C:/PPC/project_0721/xyp1022_project/ThirdLib/Lib/init.s'
'Building file: C:/PPC/project_0721/xyp1022_project/ThirdLib/Lib/init_chip.s'
'Building file: C:/PPC/project_0721/xyp1022_project/ThirdLib/Lib/intr.s'
'Building file: C:/PPC/project_0721/xyp1022_project/ThirdLib/Lib/start.s'
'Building file: C:/PPC/project_0721/xyp1022_project/board/board_init.c'
'Building file: C:/PPC/project_0721/xyp1022_project/ppc_driver/delay.c'
'Executing target #1 C:/PPC/project_0721/xyp1022_project/libs/coremark/core_list_join.c'
'Executing target #2 C:/PPC/project_0721/xyp1022_project/libs/coremark/core_main.c'
'Executing target #3 C:/PPC/project_0721/xyp1022_project/libs/coremark/core_matrix.c'
'Executing target #4 C:/PPC/project_0721/xyp1022_project/libs/coremark/core_portme.c'
'Executing target #5 C:/PPC/project_0721/xyp1022_project/libs/coremark/core_state.c'
'Executing target #6 C:/PPC/project_0721/xyp1022_project/libs/coremark/core_util.c'
'Executing target #7 C:/PPC/project_0721/xyp1022_project/libs/xprintf.c'
'Executing target #8 C:/PPC/project_0721/xyp1022_project/libs/xshell.c'
'Executing target #9 C:/PPC/project_0721/xyp1022_project/libs/xshell_command.c'
'Executing target #10 C:/PPC/project_0721/xyp1022_project/libs/ymodem.c'
'Executing target #11 C:/PPC/project_0721/xyp1022_project/ThirdLib/Sources/acu.c'
'Executing target #12 C:/PPC/project_0721/xyp1022_project/ThirdLib/Sources/axi_law_init.c'
'Executing target #13 C:/PPC/project_0721/xyp1022_project/ThirdLib/Sources/axidma_test.c'
'Executing target #14 C:/PPC/project_0721/xyp1022_project/ThirdLib/Sources/cc_law_init.c'
'Executing target #15 C:/PPC/project_0721/xyp1022_project/ThirdLib/Sources/dwc_mmc.c'
'Executing target #16 C:/PPC/project_0721/xyp1022_project/ThirdLib/Sources/ebc.c'
'Executing target #17 C:/PPC/project_0721/xyp1022_project/ThirdLib/Sources/exp_default.c'
'Executing target #18 C:/PPC/project_0721/xyp1022_project/ThirdLib/Sources/interrupt.c'
'Executing target #19 C:/PPC/project_0721/xyp1022_project/ThirdLib/Sources/mmc_basic.c'
'Executing target #20 C:/PPC/project_0721/xyp1022_project/ThirdLib/Sources/mmu.c'
'Executing target #21 C:/PPC/project_0721/xyp1022_project/ThirdLib/Sources/mpic_init.c'
'Executing target #22 C:/PPC/project_0721/xyp1022_project/ThirdLib/Sources/pamu_init.c'
'Executing target #23 C:/PPC/project_0721/xyp1022_project/ThirdLib/Sources/spsFlash.c'
'Executing target #24 C:/PPC/project_0721/xyp1022_project/ThirdLib/Sources/sst_flash.c'
'Executing target #25 C:/PPC/project_0721/xyp1022_project/ThirdLib/Lib/cpr_init.c'
'Executing target #26 C:/PPC/project_0721/xyp1022_project/ThirdLib/Lib/ddr34_init.c'
'Executing target #27 C:/PPC/project_0721/xyp1022_project/ThirdLib/Lib/init.s'
'Executing target #28 C:/PPC/project_0721/xyp1022_project/ThirdLib/Lib/init_chip.s'
'Executing target #29 C:/PPC/project_0721/xyp1022_project/ThirdLib/Lib/intr.s'
'Executing target #30 C:/PPC/project_0721/xyp1022_project/ThirdLib/Lib/start.s'
'Executing target #31 C:/PPC/project_0721/xyp1022_project/board/board_init.c'
'Executing target #32 C:/PPC/project_0721/xyp1022_project/ppc_driver/delay.c'
'Invoking: PowerPC AEABI e5500 C Compiler'
'Invoking: PowerPC AEABI e5500 C Compiler'
'Invoking: PowerPC AEABI e5500 C Compiler'
'Invoking: PowerPC AEABI e5500 C Compiler'
'Invoking: PowerPC AEABI e5500 C Compiler'
'Invoking: PowerPC AEABI e5500 C Compiler'
'Invoking: PowerPC AEABI e5500 C Compiler'
'Invoking: PowerPC AEABI e5500 C Compiler'
'Invoking: PowerPC AEABI e5500 C Compiler'
'Invoking: PowerPC AEABI e5500 C Compiler'
'Invoking: PowerPC AEABI e5500 C Compiler'
'Invoking: PowerPC AEABI e5500 C Compiler'
'Invoking: PowerPC AEABI e5500 C Compiler'
'Invoking: PowerPC AEABI e5500 C Compiler'
'Invoking: PowerPC AEABI e5500 C Compiler'
'Invoking: PowerPC AEABI e5500 C Compiler'
'Invoking: PowerPC AEABI e5500 C Compiler'
'Invoking: PowerPC AEABI e5500 C Compiler'
'Invoking: PowerPC AEABI e5500 C Compiler'
'Invoking: PowerPC AEABI e5500 C Compiler'
'Invoking: PowerPC AEABI e5500 C Compiler'
'Invoking: PowerPC AEABI e5500 C Compiler'
'Invoking: PowerPC AEABI e5500 C Compiler'
'Invoking: PowerPC AEABI e5500 C Compiler'
'Invoking: PowerPC AEABI e5500 C Compiler'
'Invoking: PowerPC AEABI e5500 C Compiler'
'Invoking: PowerPC AEABI e5500 Assembler'
'Invoking: PowerPC AEABI e5500 Assembler'
'Invoking: PowerPC AEABI e5500 Assembler'
'Invoking: PowerPC AEABI e5500 Assembler'
"C:/Freescale/CW_PA_v10.5.1/Cross_Tools/gcc-4.9.2-Ee5500-aeabi/bin/powerpc-aeabi-gcc" "C:/PPC/project_0721/xyp1022_project/libs/coremark/core_list_join.c" @"Utilities-Coremark/core_list_join.args" -MMD -MP -MF"Utilities-Coremark/core_list_join.d" -o"Utilities-Coremark/core_list_join.o"
'Invoking: PowerPC AEABI e5500 C Compiler'
"C:/Freescale/CW_PA_v10.5.1/Cross_Tools/gcc-4.9.2-Ee5500-aeabi/bin/powerpc-aeabi-gcc" "C:/PPC/project_0721/xyp1022_project/libs/coremark/core_main.c" @"Utilities-Coremark/core_main.args" -MMD -MP -MF"Utilities-Coremark/core_main.d" -o"Utilities-Coremark/core_main.o"
"C:/Freescale/CW_PA_v10.5.1/Cross_Tools/gcc-4.9.2-Ee5500-aeabi/bin/powerpc-aeabi-gcc" "C:/PPC/project_0721/xyp1022_project/libs/coremark/core_matrix.c" @"Utilities-Coremark/core_matrix.args" -MMD -MP -MF"Utilities-Coremark/core_matrix.d" -o"Utilities-Coremark/core_matrix.o"
'Invoking: PowerPC AEABI e5500 C Compiler'
"C:/Freescale/CW_PA_v10.5.1/Cross_Tools/gcc-4.9.2-Ee5500-aeabi/bin/powerpc-aeabi-gcc" "C:/PPC/project_0721/xyp1022_project/libs/coremark/core_portme.c" @"Utilities-Coremark/core_portme.args" -MMD -MP -MF"Utilities-Coremark/core_portme.d" -o"Utilities-Coremark/core_portme.o"
"C:/Freescale/CW_PA_v10.5.1/Cross_Tools/gcc-4.9.2-Ee5500-aeabi/bin/powerpc-aeabi-gcc" "C:/PPC/project_0721/xyp1022_project/libs/coremark/core_state.c" @"Utilities-Coremark/core_state.args" -MMD -MP -MF"Utilities-Coremark/core_state.d" -o"Utilities-Coremark/core_state.o"
"C:/Freescale/CW_PA_v10.5.1/Cross_Tools/gcc-4.9.2-Ee5500-aeabi/bin/powerpc-aeabi-gcc" "C:/PPC/project_0721/xyp1022_project/libs/coremark/core_util.c" @"Utilities-Coremark/core_util.args" -MMD -MP -MF"Utilities-Coremark/core_util.d" -o"Utilities-Coremark/core_util.o"
"C:/Freescale/CW_PA_v10.5.1/Cross_Tools/gcc-4.9.2-Ee5500-aeabi/bin/powerpc-aeabi-gcc" "C:/PPC/project_0721/xyp1022_project/libs/xprintf.c" @"Utilities/xprintf.args" -MMD -MP -MF"Utilities/xprintf.d" -o"Utilities/xprintf.o"
"C:/Freescale/CW_PA_v10.5.1/Cross_Tools/gcc-4.9.2-Ee5500-aeabi/bin/powerpc-aeabi-gcc" "C:/PPC/project_0721/xyp1022_project/libs/xshell.c" @"Utilities/xshell.args" -MMD -MP -MF"Utilities/xshell.d" -o"Utilities/xshell.o"
"C:/Freescale/CW_PA_v10.5.1/Cross_Tools/gcc-4.9.2-Ee5500-aeabi/bin/powerpc-aeabi-gcc" "C:/PPC/project_0721/xyp1022_project/libs/xshell_command.c" @"Utilities/xshell_command.args" -MMD -MP -MF"Utilities/xshell_command.d" -o"Utilities/xshell_command.o"
"C:/Freescale/CW_PA_v10.5.1/Cross_Tools/gcc-4.9.2-Ee5500-aeabi/bin/powerpc-aeabi-gcc" "C:/PPC/project_0721/xyp1022_project/libs/ymodem.c" @"Utilities/ymodem.args" -MMD -MP -MF"Utilities/ymodem.d" -o"Utilities/ymodem.o"
"C:/Freescale/CW_PA_v10.5.1/Cross_Tools/gcc-4.9.2-Ee5500-aeabi/bin/powerpc-aeabi-gcc" "C:/PPC/project_0721/xyp1022_project/ThirdLib/Sources/acu.c" @"ThirdLib-Sources/acu.args" -MMD -MP -MF"ThirdLib-Sources/acu.d" -o"ThirdLib-Sources/acu.o"
"C:/Freescale/CW_PA_v10.5.1/Cross_Tools/gcc-4.9.2-Ee5500-aeabi/bin/powerpc-aeabi-gcc" "C:/PPC/project_0721/xyp1022_project/ThirdLib/Sources/axi_law_init.c" @"ThirdLib-Sources/axi_law_init.args" -MMD -MP -MF"ThirdLib-Sources/axi_law_init.d" -o"ThirdLib-Sources/axi_law_init.o"
"C:/Freescale/CW_PA_v10.5.1/Cross_Tools/gcc-4.9.2-Ee5500-aeabi/bin/powerpc-aeabi-gcc" "C:/PPC/project_0721/xyp1022_project/ThirdLib/Sources/axidma_test.c" @"ThirdLib-Sources/axidma_test.args" -MMD -MP -MF"ThirdLib-Sources/axidma_test.d" -o"ThirdLib-Sources/axidma_test.o"
"C:/Freescale/CW_PA_v10.5.1/Cross_Tools/gcc-4.9.2-Ee5500-aeabi/bin/powerpc-aeabi-gcc" "C:/PPC/project_0721/xyp1022_project/ThirdLib/Sources/cc_law_init.c" @"ThirdLib-Sources/cc_law_init.args" -MMD -MP -MF"ThirdLib-Sources/cc_law_init.d" -o"ThirdLib-Sources/cc_law_init.o"
"C:/Freescale/CW_PA_v10.5.1/Cross_Tools/gcc-4.9.2-Ee5500-aeabi/bin/powerpc-aeabi-gcc" "C:/PPC/project_0721/xyp1022_project/ThirdLib/Sources/dwc_mmc.c" @"ThirdLib-Sources/dwc_mmc.args" -MMD -MP -MF"ThirdLib-Sources/dwc_mmc.d" -o"ThirdLib-Sources/dwc_mmc.o"
"C:/Freescale/CW_PA_v10.5.1/Cross_Tools/gcc-4.9.2-Ee5500-aeabi/bin/powerpc-aeabi-gcc" "C:/PPC/project_0721/xyp1022_project/ThirdLib/Sources/ebc.c" @"ThirdLib-Sources/ebc.args" -MMD -MP -MF"ThirdLib-Sources/ebc.d" -o"ThirdLib-Sources/ebc.o"
"C:/Freescale/CW_PA_v10.5.1/Cross_Tools/gcc-4.9.2-Ee5500-aeabi/bin/powerpc-aeabi-gcc" "C:/PPC/project_0721/xyp1022_project/ThirdLib/Sources/exp_default.c" @"ThirdLib-Sources/exp_default.args" -MMD -MP -MF"ThirdLib-Sources/exp_default.d" -o"ThirdLib-Sources/exp_default.o"
"C:/Freescale/CW_PA_v10.5.1/Cross_Tools/gcc-4.9.2-Ee5500-aeabi/bin/powerpc-aeabi-gcc" "C:/PPC/project_0721/xyp1022_project/ThirdLib/Sources/interrupt.c" @"ThirdLib-Sources/interrupt.args" -MMD -MP -MF"ThirdLib-Sources/interrupt.d" -o"ThirdLib-Sources/interrupt.o"
"C:/Freescale/CW_PA_v10.5.1/Cross_Tools/gcc-4.9.2-Ee5500-aeabi/bin/powerpc-aeabi-gcc" "C:/PPC/project_0721/xyp1022_project/ThirdLib/Sources/mmc_basic.c" @"ThirdLib-Sources/mmc_basic.args" -MMD -MP -MF"ThirdLib-Sources/mmc_basic.d" -o"ThirdLib-Sources/mmc_basic.o"
"C:/Freescale/CW_PA_v10.5.1/Cross_Tools/gcc-4.9.2-Ee5500-aeabi/bin/powerpc-aeabi-gcc" "C:/PPC/project_0721/xyp1022_project/ThirdLib/Sources/mmu.c" @"ThirdLib-Sources/mmu.args" -MMD -MP -MF"ThirdLib-Sources/mmu.d" -o"ThirdLib-Sources/mmu.o"
"C:/Freescale/CW_PA_v10.5.1/Cross_Tools/gcc-4.9.2-Ee5500-aeabi/bin/powerpc-aeabi-gcc" "C:/PPC/project_0721/xyp1022_project/ThirdLib/Sources/mpic_init.c" @"ThirdLib-Sources/mpic_init.args" -MMD -MP -MF"ThirdLib-Sources/mpic_init.d" -o"ThirdLib-Sources/mpic_init.o"
"C:/Freescale/CW_PA_v10.5.1/Cross_Tools/gcc-4.9.2-Ee5500-aeabi/bin/powerpc-aeabi-gcc" "C:/PPC/project_0721/xyp1022_project/ThirdLib/Sources/pamu_init.c" @"ThirdLib-Sources/pamu_init.args" -MMD -MP -MF"ThirdLib-Sources/pamu_init.d" -o"ThirdLib-Sources/pamu_init.o"
"C:/Freescale/CW_PA_v10.5.1/Cross_Tools/gcc-4.9.2-Ee5500-aeabi/bin/powerpc-aeabi-gcc" "C:/PPC/project_0721/xyp1022_project/ThirdLib/Sources/spsFlash.c" @"ThirdLib-Sources/spsFlash.args" -MMD -MP -MF"ThirdLib-Sources/spsFlash.d" -o"ThirdLib-Sources/spsFlash.o"
"C:/Freescale/CW_PA_v10.5.1/Cross_Tools/gcc-4.9.2-Ee5500-aeabi/bin/powerpc-aeabi-gcc" "C:/PPC/project_0721/xyp1022_project/ThirdLib/Sources/sst_flash.c" @"ThirdLib-Sources/sst_flash.args" -MMD -MP -MF"ThirdLib-Sources/sst_flash.d" -o"ThirdLib-Sources/sst_flash.o"
"C:/Freescale/CW_PA_v10.5.1/Cross_Tools/gcc-4.9.2-Ee5500-aeabi/bin/powerpc-aeabi-gcc" "C:/PPC/project_0721/xyp1022_project/ThirdLib/Lib/cpr_init.c" @"ThirdLib/cpr_init.args" -MMD -MP -MF"ThirdLib/cpr_init.d" -o"ThirdLib/cpr_init.o"
"C:/Freescale/CW_PA_v10.5.1/Cross_Tools/gcc-4.9.2-Ee5500-aeabi/bin/powerpc-aeabi-gcc" "C:/PPC/project_0721/xyp1022_project/ThirdLib/Lib/ddr34_init.c" @"ThirdLib/ddr34_init.args" -MMD -MP -MF"ThirdLib/ddr34_init.d" -o"ThirdLib/ddr34_init.o"
"C:/Freescale/CW_PA_v10.5.1/Cross_Tools/gcc-4.9.2-Ee5500-aeabi/bin/powerpc-aeabi-as" "C:/PPC/project_0721/xyp1022_project/ThirdLib/Lib/init.s" -g -I"C:/PPC/project_0721/xyp1022_project/ThirdLib/include" -a64 -me5500 -o"ThirdLib/init.o"
"C:/Freescale/CW_PA_v10.5.1/Cross_Tools/gcc-4.9.2-Ee5500-aeabi/bin/powerpc-aeabi-as" "C:/PPC/project_0721/xyp1022_project/ThirdLib/Lib/init_chip.s" -g -I"C:/PPC/project_0721/xyp1022_project/ThirdLib/include" -a64 -me5500 -o"ThirdLib/init_chip.o"
"C:/Freescale/CW_PA_v10.5.1/Cross_Tools/gcc-4.9.2-Ee5500-aeabi/bin/powerpc-aeabi-as" "C:/PPC/project_0721/xyp1022_project/ThirdLib/Lib/intr.s" -g -I"C:/PPC/project_0721/xyp1022_project/ThirdLib/include" -a64 -me5500 -o"ThirdLib/intr.o"
"C:/Freescale/CW_PA_v10.5.1/Cross_Tools/gcc-4.9.2-Ee5500-aeabi/bin/powerpc-aeabi-as" "C:/PPC/project_0721/xyp1022_project/ThirdLib/Lib/start.s" -g -I"C:/PPC/project_0721/xyp1022_project/ThirdLib/include" -a64 -me5500 -o"ThirdLib/start.o"
"C:/Freescale/CW_PA_v10.5.1/Cross_Tools/gcc-4.9.2-Ee5500-aeabi/bin/powerpc-aeabi-gcc" "C:/PPC/project_0721/xyp1022_project/board/board_init.c" @"Sources/board_init.args" -MMD -MP -MF"Sources/board_init.d" -o"Sources/board_init.o"
"C:/Freescale/CW_PA_v10.5.1/Cross_Tools/gcc-4.9.2-Ee5500-aeabi/bin/powerpc-aeabi-gcc" "C:/PPC/project_0721/xyp1022_project/ppc_driver/delay.c" @"Sources/delay.args" -MMD -MP -MF"Sources/delay.d" -o"Sources/delay.o"
'Finished building: C:/PPC/project_0721/xyp1022_project/libs/coremark/core_list_join.c'
'Finished building: C:/PPC/project_0721/xyp1022_project/libs/coremark/core_main.c'
'Finished building: C:/PPC/project_0721/xyp1022_project/libs/coremark/core_matrix.c'
'Finished building: C:/PPC/project_0721/xyp1022_project/libs/coremark/core_portme.c'
'Finished building: C:/PPC/project_0721/xyp1022_project/libs/coremark/core_state.c'
'Finished building: C:/PPC/project_0721/xyp1022_project/libs/coremark/core_util.c'
'Finished building: C:/PPC/project_0721/xyp1022_project/libs/xprintf.c'
'Finished building: C:/PPC/project_0721/xyp1022_project/libs/xshell.c'
'Finished building: C:/PPC/project_0721/xyp1022_project/libs/xshell_command.c'
'Finished building: C:/PPC/project_0721/xyp1022_project/libs/ymodem.c'
'Finished building: C:/PPC/project_0721/xyp1022_project/ThirdLib/Sources/acu.c'
'Finished building: C:/PPC/project_0721/xyp1022_project/ThirdLib/Sources/axi_law_init.c'
'Finished building: C:/PPC/project_0721/xyp1022_project/ThirdLib/Sources/axidma_test.c'
'Finished building: C:/PPC/project_0721/xyp1022_project/ThirdLib/Sources/cc_law_init.c'
'Finished building: C:/PPC/project_0721/xyp1022_project/ThirdLib/Sources/dwc_mmc.c'
'Finished building: C:/PPC/project_0721/xyp1022_project/ThirdLib/Sources/ebc.c'
'Finished building: C:/PPC/project_0721/xyp1022_project/ThirdLib/Sources/exp_default.c'
'Finished building: C:/PPC/project_0721/xyp1022_project/ThirdLib/Sources/interrupt.c'
'Finished building: C:/PPC/project_0721/xyp1022_project/ThirdLib/Sources/mmc_basic.c'
'Finished building: C:/PPC/project_0721/xyp1022_project/ThirdLib/Sources/mmu.c'
'Finished building: C:/PPC/project_0721/xyp1022_project/ThirdLib/Sources/pamu_init.c'
'Finished building: C:/PPC/project_0721/xyp1022_project/ThirdLib/Sources/spsFlash.c'
'Finished building: C:/PPC/project_0721/xyp1022_project/ThirdLib/Sources/sst_flash.c'
'Finished building: C:/PPC/project_0721/xyp1022_project/ThirdLib/Sources/mpic_init.c'
'Finished building: C:/PPC/project_0721/xyp1022_project/ThirdLib/Lib/cpr_init.c'
'Finished building: C:/PPC/project_0721/xyp1022_project/ThirdLib/Lib/ddr34_init.c'
'Finished building: C:/PPC/project_0721/xyp1022_project/ThirdLib/Lib/init.s'
'Finished building: C:/PPC/project_0721/xyp1022_project/ThirdLib/Lib/init_chip.s'
'Finished building: C:/PPC/project_0721/xyp1022_project/ThirdLib/Lib/intr.s'
'Finished building: C:/PPC/project_0721/xyp1022_project/ThirdLib/Lib/start.s'
'Finished building: C:/PPC/project_0721/xyp1022_project/board/board_init.c'
'Finished building: C:/PPC/project_0721/xyp1022_project/ppc_driver/delay.c'
' '
' '
' '
' '
' '
' '
' '
' '
' '
' '
' '
' '
' '
' '
' '
' '
' '
' '
' '
' '
' '
' '
' '
' '
' '
' '
' '
' '
' '
' '
' '
' '
'Building file: C:/PPC/project_0721/xyp1022_project/driver/drv_gmac.c'
'Building file: C:/PPC/project_0721/xyp1022_project/driver/drv_gmac_crc.c'
'Building file: C:/PPC/project_0721/xyp1022_project/driver/drv_gmac_phy.c'
'Building file: C:/PPC/project_0721/xyp1022_project/driver/drv_uart.c'
'Building file: C:/PPC/project_0721/xyp1022_project/ThirdLib/Sources/dspi.c'
'Building file: C:/PPC/project_0721/xyp1022_project/projects/ethernetif.c'
'Building file: C:/PPC/project_0721/xyp1022_project/ThirdLib/Sources/iic_test.c'
'Building file: C:/PPC/project_0721/xyp1022_project/projects/iperf.c'
'Building file: C:/PPC/project_0721/xyp1022_project/projects/main.c'
'Building file: C:/PPC/project_0721/xyp1022_project/ppc_driver/sysclock.c'
'Building file: C:/PPC/project_0721/xyp1022_project/projects/arch/sys_arch.c'
'Building file: C:/PPC/project_0721/LwIP/src/netif/bridgeif.c'
'Building file: C:/PPC/project_0721/LwIP/src/netif/ethernet.c'
'Building file: C:/PPC/project_0721/LwIP/src/core/ipv4/autoip.c'
'Building file: C:/PPC/project_0721/LwIP/src/core/ipv4/dhcp.c'
'Building file: C:/PPC/project_0721/LwIP/src/core/ipv4/etharp.c'
'Building file: C:/PPC/project_0721/LwIP/src/core/ipv4/icmp.c'
'Building file: C:/PPC/project_0721/LwIP/src/core/ipv4/igmp.c'
'Building file: C:/PPC/project_0721/LwIP/src/core/ipv4/ip4.c'
'Building file: C:/PPC/project_0721/LwIP/src/core/ipv4/ip4_addr.c'
'Building file: C:/PPC/project_0721/LwIP/src/core/ipv4/ip4_frag.c'
'Building file: C:/PPC/project_0721/LwIP/src/core/altcp.c'
'Building file: C:/PPC/project_0721/LwIP/src/core/altcp_alloc.c'
'Building file: C:/PPC/project_0721/LwIP/src/core/altcp_tcp.c'
'Building file: C:/PPC/project_0721/LwIP/src/core/def.c'
'Building file: C:/PPC/project_0721/LwIP/src/core/dns.c'
'Building file: C:/PPC/project_0721/LwIP/src/core/inet_chksum.c'
'Building file: C:/PPC/project_0721/LwIP/src/core/init.c'
'Building file: C:/PPC/project_0721/LwIP/src/core/ip.c'
'Building file: C:/PPC/project_0721/LwIP/src/core/mem.c'
'Building file: C:/PPC/project_0721/LwIP/src/core/memp.c'
'Building file: C:/PPC/project_0721/LwIP/src/core/netif.c'
'Executing target #33 C:/PPC/project_0721/xyp1022_project/driver/drv_gmac.c'
'Executing target #34 C:/PPC/project_0721/xyp1022_project/driver/drv_gmac_crc.c'
'Executing target #35 C:/PPC/project_0721/xyp1022_project/driver/drv_gmac_phy.c'
'Executing target #36 C:/PPC/project_0721/xyp1022_project/driver/drv_uart.c'
'Executing target #37 C:/PPC/project_0721/xyp1022_project/ThirdLib/Sources/dspi.c'
'Executing target #38 C:/PPC/project_0721/xyp1022_project/projects/ethernetif.c'
'Executing target #39 C:/PPC/project_0721/xyp1022_project/ThirdLib/Sources/iic_test.c'
'Executing target #40 C:/PPC/project_0721/xyp1022_project/projects/iperf.c'
'Executing target #41 C:/PPC/project_0721/xyp1022_project/projects/main.c'
'Executing target #42 C:/PPC/project_0721/xyp1022_project/ppc_driver/sysclock.c'
'Executing target #43 C:/PPC/project_0721/xyp1022_project/projects/arch/sys_arch.c'
'Executing target #44 C:/PPC/project_0721/LwIP/src/netif/bridgeif.c'
'Executing target #45 C:/PPC/project_0721/LwIP/src/netif/ethernet.c'
'Executing target #46 C:/PPC/project_0721/LwIP/src/core/ipv4/autoip.c'
'Executing target #47 C:/PPC/project_0721/LwIP/src/core/ipv4/dhcp.c'
'Executing target #48 C:/PPC/project_0721/LwIP/src/core/ipv4/etharp.c'
'Executing target #49 C:/PPC/project_0721/LwIP/src/core/ipv4/icmp.c'
'Executing target #50 C:/PPC/project_0721/LwIP/src/core/ipv4/igmp.c'
'Executing target #51 C:/PPC/project_0721/LwIP/src/core/ipv4/ip4.c'
'Executing target #52 C:/PPC/project_0721/LwIP/src/core/ipv4/ip4_addr.c'
'Executing target #53 C:/PPC/project_0721/LwIP/src/core/ipv4/ip4_frag.c'
'Executing target #54 C:/PPC/project_0721/LwIP/src/core/altcp.c'
'Executing target #55 C:/PPC/project_0721/LwIP/src/core/altcp_alloc.c'
'Executing target #56 C:/PPC/project_0721/LwIP/src/core/altcp_tcp.c'
'Executing target #57 C:/PPC/project_0721/LwIP/src/core/def.c'
'Executing target #58 C:/PPC/project_0721/LwIP/src/core/dns.c'
'Executing target #59 C:/PPC/project_0721/LwIP/src/core/inet_chksum.c'
'Executing target #60 C:/PPC/project_0721/LwIP/src/core/init.c'
'Executing target #61 C:/PPC/project_0721/LwIP/src/core/ip.c'
'Executing target #62 C:/PPC/project_0721/LwIP/src/core/mem.c'
'Executing target #63 C:/PPC/project_0721/LwIP/src/core/memp.c'
'Executing target #64 C:/PPC/project_0721/LwIP/src/core/netif.c'
'Invoking: PowerPC AEABI e5500 C Compiler'
'Invoking: PowerPC AEABI e5500 C Compiler'
'Invoking: PowerPC AEABI e5500 C Compiler'
'Invoking: PowerPC AEABI e5500 C Compiler'
'Invoking: PowerPC AEABI e5500 C Compiler'
'Invoking: PowerPC AEABI e5500 C Compiler'
'Invoking: PowerPC AEABI e5500 C Compiler'
'Invoking: PowerPC AEABI e5500 C Compiler'
'Invoking: PowerPC AEABI e5500 C Compiler'
'Invoking: PowerPC AEABI e5500 C Compiler'
'Invoking: PowerPC AEABI e5500 C Compiler'
'Invoking: PowerPC AEABI e5500 C Compiler'
'Invoking: PowerPC AEABI e5500 C Compiler'
'Invoking: PowerPC AEABI e5500 C Compiler'
'Invoking: PowerPC AEABI e5500 C Compiler'
'Invoking: PowerPC AEABI e5500 C Compiler'
'Invoking: PowerPC AEABI e5500 C Compiler'
'Invoking: PowerPC AEABI e5500 C Compiler'
'Invoking: PowerPC AEABI e5500 C Compiler'
'Invoking: PowerPC AEABI e5500 C Compiler'
'Invoking: PowerPC AEABI e5500 C Compiler'
'Invoking: PowerPC AEABI e5500 C Compiler'
'Invoking: PowerPC AEABI e5500 C Compiler'
'Invoking: PowerPC AEABI e5500 C Compiler'
'Invoking: PowerPC AEABI e5500 C Compiler'
'Invoking: PowerPC AEABI e5500 C Compiler'
'Invoking: PowerPC AEABI e5500 C Compiler'
'Invoking: PowerPC AEABI e5500 C Compiler'
'Invoking: PowerPC AEABI e5500 C Compiler'
'Invoking: PowerPC AEABI e5500 C Compiler'
"C:/Freescale/CW_PA_v10.5.1/Cross_Tools/gcc-4.9.2-Ee5500-aeabi/bin/powerpc-aeabi-gcc" "C:/PPC/project_0721/xyp1022_project/driver/drv_gmac.c" @"Sources/drv_gmac.args" -MMD -MP -MF"Sources/drv_gmac.d" -o"Sources/drv_gmac.o"
'Invoking: PowerPC AEABI e5500 C Compiler'
"C:/Freescale/CW_PA_v10.5.1/Cross_Tools/gcc-4.9.2-Ee5500-aeabi/bin/powerpc-aeabi-gcc" "C:/PPC/project_0721/xyp1022_project/driver/drv_gmac_crc.c" @"Sources/drv_gmac_crc.args" -MMD -MP -MF"Sources/drv_gmac_crc.d" -o"Sources/drv_gmac_crc.o"
"C:/Freescale/CW_PA_v10.5.1/Cross_Tools/gcc-4.9.2-Ee5500-aeabi/bin/powerpc-aeabi-gcc" "C:/PPC/project_0721/xyp1022_project/driver/drv_gmac_phy.c" @"Sources/drv_gmac_phy.args" -MMD -MP -MF"Sources/drv_gmac_phy.d" -o"Sources/drv_gmac_phy.o"
'Invoking: PowerPC AEABI e5500 C Compiler'
"C:/Freescale/CW_PA_v10.5.1/Cross_Tools/gcc-4.9.2-Ee5500-aeabi/bin/powerpc-aeabi-gcc" "C:/PPC/project_0721/xyp1022_project/driver/drv_uart.c" @"Sources/drv_uart.args" -MMD -MP -MF"Sources/drv_uart.d" -o"Sources/drv_uart.o"
"C:/Freescale/CW_PA_v10.5.1/Cross_Tools/gcc-4.9.2-Ee5500-aeabi/bin/powerpc-aeabi-gcc" "C:/PPC/project_0721/xyp1022_project/ThirdLib/Sources/dspi.c" @"Sources/dspi.args" -MMD -MP -MF"Sources/dspi.d" -o"Sources/dspi.o"
"C:/Freescale/CW_PA_v10.5.1/Cross_Tools/gcc-4.9.2-Ee5500-aeabi/bin/powerpc-aeabi-gcc" "C:/PPC/project_0721/xyp1022_project/projects/ethernetif.c" @"Sources/ethernetif.args" -MMD -MP -MF"Sources/ethernetif.d" -o"Sources/ethernetif.o"
"C:/Freescale/CW_PA_v10.5.1/Cross_Tools/gcc-4.9.2-Ee5500-aeabi/bin/powerpc-aeabi-gcc" "C:/PPC/project_0721/xyp1022_project/ThirdLib/Sources/iic_test.c" @"Sources/iic_test.args" -MMD -MP -MF"Sources/iic_test.d" -o"Sources/iic_test.o"
"C:/Freescale/CW_PA_v10.5.1/Cross_Tools/gcc-4.9.2-Ee5500-aeabi/bin/powerpc-aeabi-gcc" "C:/PPC/project_0721/xyp1022_project/projects/iperf.c" @"Sources/iperf.args" -MMD -MP -MF"Sources/iperf.d" -o"Sources/iperf.o"
"C:/Freescale/CW_PA_v10.5.1/Cross_Tools/gcc-4.9.2-Ee5500-aeabi/bin/powerpc-aeabi-gcc" "C:/PPC/project_0721/xyp1022_project/projects/main.c" @"Sources/main.args" -MMD -MP -MF"Sources/main.d" -o"Sources/main.o"
"C:/Freescale/CW_PA_v10.5.1/Cross_Tools/gcc-4.9.2-Ee5500-aeabi/bin/powerpc-aeabi-gcc" "C:/PPC/project_0721/xyp1022_project/ppc_driver/sysclock.c" @"Sources/sysclock.args" -MMD -MP -MF"Sources/sysclock.d" -o"Sources/sysclock.o"
"C:/Freescale/CW_PA_v10.5.1/Cross_Tools/gcc-4.9.2-Ee5500-aeabi/bin/powerpc-aeabi-gcc" "C:/PPC/project_0721/xyp1022_project/projects/arch/sys_arch.c" @"Lwip-arch/sys_arch.args" -MMD -MP -MF"Lwip-arch/sys_arch.d" -o"Lwip-arch/sys_arch.o"
"C:/Freescale/CW_PA_v10.5.1/Cross_Tools/gcc-4.9.2-Ee5500-aeabi/bin/powerpc-aeabi-gcc" "C:/PPC/project_0721/LwIP/src/netif/bridgeif.c" @"LwIP-netif/bridgeif.args" -MMD -MP -MF"LwIP-netif/bridgeif.d" -o"LwIP-netif/bridgeif.o"
"C:/Freescale/CW_PA_v10.5.1/Cross_Tools/gcc-4.9.2-Ee5500-aeabi/bin/powerpc-aeabi-gcc" "C:/PPC/project_0721/LwIP/src/netif/ethernet.c" @"LwIP-netif/ethernet.args" -MMD -MP -MF"LwIP-netif/ethernet.d" -o"LwIP-netif/ethernet.o"
"C:/Freescale/CW_PA_v10.5.1/Cross_Tools/gcc-4.9.2-Ee5500-aeabi/bin/powerpc-aeabi-gcc" "C:/PPC/project_0721/LwIP/src/core/ipv4/autoip.c" @"LwIP-ipv4/autoip.args" -MMD -MP -MF"LwIP-ipv4/autoip.d" -o"LwIP-ipv4/autoip.o"
"C:/Freescale/CW_PA_v10.5.1/Cross_Tools/gcc-4.9.2-Ee5500-aeabi/bin/powerpc-aeabi-gcc" "C:/PPC/project_0721/LwIP/src/core/ipv4/dhcp.c" @"LwIP-ipv4/dhcp.args" -MMD -MP -MF"LwIP-ipv4/dhcp.d" -o"LwIP-ipv4/dhcp.o"
"C:/Freescale/CW_PA_v10.5.1/Cross_Tools/gcc-4.9.2-Ee5500-aeabi/bin/powerpc-aeabi-gcc" "C:/PPC/project_0721/LwIP/src/core/ipv4/etharp.c" @"LwIP-ipv4/etharp.args" -MMD -MP -MF"LwIP-ipv4/etharp.d" -o"LwIP-ipv4/etharp.o"
"C:/Freescale/CW_PA_v10.5.1/Cross_Tools/gcc-4.9.2-Ee5500-aeabi/bin/powerpc-aeabi-gcc" "C:/PPC/project_0721/LwIP/src/core/ipv4/icmp.c" @"LwIP-ipv4/icmp.args" -MMD -MP -MF"LwIP-ipv4/icmp.d" -o"LwIP-ipv4/icmp.o"
"C:/Freescale/CW_PA_v10.5.1/Cross_Tools/gcc-4.9.2-Ee5500-aeabi/bin/powerpc-aeabi-gcc" "C:/PPC/project_0721/LwIP/src/core/ipv4/igmp.c" @"LwIP-ipv4/igmp.args" -MMD -MP -MF"LwIP-ipv4/igmp.d" -o"LwIP-ipv4/igmp.o"
"C:/Freescale/CW_PA_v10.5.1/Cross_Tools/gcc-4.9.2-Ee5500-aeabi/bin/powerpc-aeabi-gcc" "C:/PPC/project_0721/LwIP/src/core/ipv4/ip4.c" @"LwIP-ipv4/ip4.args" -MMD -MP -MF"LwIP-ipv4/ip4.d" -o"LwIP-ipv4/ip4.o"
"C:/Freescale/CW_PA_v10.5.1/Cross_Tools/gcc-4.9.2-Ee5500-aeabi/bin/powerpc-aeabi-gcc" "C:/PPC/project_0721/LwIP/src/core/ipv4/ip4_addr.c" @"LwIP-ipv4/ip4_addr.args" -MMD -MP -MF"LwIP-ipv4/ip4_addr.d" -o"LwIP-ipv4/ip4_addr.o"
"C:/Freescale/CW_PA_v10.5.1/Cross_Tools/gcc-4.9.2-Ee5500-aeabi/bin/powerpc-aeabi-gcc" "C:/PPC/project_0721/LwIP/src/core/ipv4/ip4_frag.c" @"LwIP-ipv4/ip4_frag.args" -MMD -MP -MF"LwIP-ipv4/ip4_frag.d" -o"LwIP-ipv4/ip4_frag.o"
"C:/Freescale/CW_PA_v10.5.1/Cross_Tools/gcc-4.9.2-Ee5500-aeabi/bin/powerpc-aeabi-gcc" "C:/PPC/project_0721/LwIP/src/core/altcp.c" @"LwIP-core/altcp.args" -MMD -MP -MF"LwIP-core/altcp.d" -o"LwIP-core/altcp.o"
"C:/Freescale/CW_PA_v10.5.1/Cross_Tools/gcc-4.9.2-Ee5500-aeabi/bin/powerpc-aeabi-gcc" "C:/PPC/project_0721/LwIP/src/core/altcp_alloc.c" @"LwIP-core/altcp_alloc.args" -MMD -MP -MF"LwIP-core/altcp_alloc.d" -o"LwIP-core/altcp_alloc.o"
"C:/Freescale/CW_PA_v10.5.1/Cross_Tools/gcc-4.9.2-Ee5500-aeabi/bin/powerpc-aeabi-gcc" "C:/PPC/project_0721/LwIP/src/core/altcp_tcp.c" @"LwIP-core/altcp_tcp.args" -MMD -MP -MF"LwIP-core/altcp_tcp.d" -o"LwIP-core/altcp_tcp.o"
"C:/Freescale/CW_PA_v10.5.1/Cross_Tools/gcc-4.9.2-Ee5500-aeabi/bin/powerpc-aeabi-gcc" "C:/PPC/project_0721/LwIP/src/core/def.c" @"LwIP-core/def.args" -MMD -MP -MF"LwIP-core/def.d" -o"LwIP-core/def.o"
"C:/Freescale/CW_PA_v10.5.1/Cross_Tools/gcc-4.9.2-Ee5500-aeabi/bin/powerpc-aeabi-gcc" "C:/PPC/project_0721/LwIP/src/core/dns.c" @"LwIP-core/dns.args" -MMD -MP -MF"LwIP-core/dns.d" -o"LwIP-core/dns.o"
"C:/Freescale/CW_PA_v10.5.1/Cross_Tools/gcc-4.9.2-Ee5500-aeabi/bin/powerpc-aeabi-gcc" "C:/PPC/project_0721/LwIP/src/core/inet_chksum.c" @"LwIP-core/inet_chksum.args" -MMD -MP -MF"LwIP-core/inet_chksum.d" -o"LwIP-core/inet_chksum.o"
"C:/Freescale/CW_PA_v10.5.1/Cross_Tools/gcc-4.9.2-Ee5500-aeabi/bin/powerpc-aeabi-gcc" "C:/PPC/project_0721/LwIP/src/core/init.c" @"LwIP-core/init.args" -MMD -MP -MF"LwIP-core/init.d" -o"LwIP-core/init.o"
"C:/Freescale/CW_PA_v10.5.1/Cross_Tools/gcc-4.9.2-Ee5500-aeabi/bin/powerpc-aeabi-gcc" "C:/PPC/project_0721/LwIP/src/core/ip.c" @"LwIP-core/ip.args" -MMD -MP -MF"LwIP-core/ip.d" -o"LwIP-core/ip.o"
"C:/Freescale/CW_PA_v10.5.1/Cross_Tools/gcc-4.9.2-Ee5500-aeabi/bin/powerpc-aeabi-gcc" "C:/PPC/project_0721/LwIP/src/core/mem.c" @"LwIP-core/mem.args" -MMD -MP -MF"LwIP-core/mem.d" -o"LwIP-core/mem.o"
"C:/Freescale/CW_PA_v10.5.1/Cross_Tools/gcc-4.9.2-Ee5500-aeabi/bin/powerpc-aeabi-gcc" "C:/PPC/project_0721/LwIP/src/core/memp.c" @"LwIP-core/memp.args" -MMD -MP -MF"LwIP-core/memp.d" -o"LwIP-core/memp.o"
"C:/Freescale/CW_PA_v10.5.1/Cross_Tools/gcc-4.9.2-Ee5500-aeabi/bin/powerpc-aeabi-gcc" "C:/PPC/project_0721/LwIP/src/core/netif.c" @"LwIP-core/netif.args" -MMD -MP -MF"LwIP-core/netif.d" -o"LwIP-core/netif.o"
'Finished building: C:/PPC/project_0721/xyp1022_project/driver/drv_gmac.c'
'Finished building: C:/PPC/project_0721/xyp1022_project/driver/drv_gmac_phy.c'
'Finished building: C:/PPC/project_0721/xyp1022_project/driver/drv_gmac_crc.c'
'Finished building: C:/PPC/project_0721/xyp1022_project/driver/drv_uart.c'
'Finished building: C:/PPC/project_0721/xyp1022_project/ThirdLib/Sources/dspi.c'
'Finished building: C:/PPC/project_0721/xyp1022_project/projects/ethernetif.c'
'Finished building: C:/PPC/project_0721/xyp1022_project/ThirdLib/Sources/iic_test.c'
'Finished building: C:/PPC/project_0721/xyp1022_project/projects/iperf.c'
'Finished building: C:/PPC/project_0721/xyp1022_project/projects/main.c'
'Finished building: C:/PPC/project_0721/xyp1022_project/ppc_driver/sysclock.c'
'Finished building: C:/PPC/project_0721/xyp1022_project/projects/arch/sys_arch.c'
'Finished building: C:/PPC/project_0721/LwIP/src/netif/bridgeif.c'
'Finished building: C:/PPC/project_0721/LwIP/src/netif/ethernet.c'
'Finished building: C:/PPC/project_0721/LwIP/src/core/ipv4/autoip.c'
'Finished building: C:/PPC/project_0721/LwIP/src/core/ipv4/dhcp.c'
'Finished building: C:/PPC/project_0721/LwIP/src/core/ipv4/etharp.c'
'Finished building: C:/PPC/project_0721/LwIP/src/core/ipv4/icmp.c'
'Finished building: C:/PPC/project_0721/LwIP/src/core/ipv4/igmp.c'
'Finished building: C:/PPC/project_0721/LwIP/src/core/ipv4/ip4.c'
'Finished building: C:/PPC/project_0721/LwIP/src/core/ipv4/ip4_addr.c'
'Finished building: C:/PPC/project_0721/LwIP/src/core/ipv4/ip4_frag.c'
'Finished building: C:/PPC/project_0721/LwIP/src/core/altcp.c'
'Finished building: C:/PPC/project_0721/LwIP/src/core/altcp_alloc.c'
'Finished building: C:/PPC/project_0721/LwIP/src/core/altcp_tcp.c'
'Finished building: C:/PPC/project_0721/LwIP/src/core/def.c'
'Finished building: C:/PPC/project_0721/LwIP/src/core/dns.c'
'Finished building: C:/PPC/project_0721/LwIP/src/core/inet_chksum.c'
'Finished building: C:/PPC/project_0721/LwIP/src/core/init.c'
'Finished building: C:/PPC/project_0721/LwIP/src/core/ip.c'
'Finished building: C:/PPC/project_0721/LwIP/src/core/mem.c'
'Finished building: C:/PPC/project_0721/LwIP/src/core/memp.c'
'Finished building: C:/PPC/project_0721/LwIP/src/core/netif.c'
' '
' '
' '
' '
' '
' '
' '
' '
' '
' '
' '
' '
' '
' '
' '
' '
' '
' '
' '
' '
' '
' '
' '
' '
' '
' '
' '
' '
' '
' '
' '
' '
'Building file: C:/PPC/project_0721/LwIP/src/core/pbuf.c'
'Building file: C:/PPC/project_0721/LwIP/src/core/raw.c'
'Building file: C:/PPC/project_0721/LwIP/src/core/stats.c'
'Building file: C:/PPC/project_0721/LwIP/src/core/sys.c'
'Building file: C:/PPC/project_0721/LwIP/src/core/tcp.c'
'Building file: C:/PPC/project_0721/LwIP/src/core/tcp_in.c'
'Building file: C:/PPC/project_0721/LwIP/src/core/tcp_out.c'
'Building file: C:/PPC/project_0721/LwIP/src/core/timeouts.c'
'Building file: C:/PPC/project_0721/LwIP/src/core/udp.c'
'Building file: C:/PPC/project_0721/LwIP/src/api/api_lib.c'
'Building file: C:/PPC/project_0721/LwIP/src/api/api_msg.c'
'Building file: C:/PPC/project_0721/LwIP/src/api/err.c'
'Building file: C:/PPC/project_0721/LwIP/src/api/if_api.c'
'Building file: C:/PPC/project_0721/LwIP/src/api/netbuf.c'
'Building file: C:/PPC/project_0721/LwIP/src/api/netdb.c'
'Building file: C:/PPC/project_0721/LwIP/src/api/netifapi.c'
'Building file: C:/PPC/project_0721/LwIP/src/api/sockets.c'
'Building file: C:/PPC/project_0721/LwIP/src/api/tcpip.c'
'Building file: C:/PPC/project_0721/FreeRTOS/FreeRTOS-Kernel/croutine.c'
'Building file: C:/PPC/project_0721/FreeRTOS/FreeRTOS-Kernel/event_groups.c'
'Building file: C:/PPC/project_0721/FreeRTOS/FreeRTOS-Kernel/portable/MemMang/heap_4.c'
'Building file: C:/PPC/project_0721/FreeRTOS/FreeRTOS-Kernel/list.c'
'Building file: C:/PPC/project_0721/FreeRTOS/FreeRTOS-Kernel/portable/GCC/PPC/port.c'
'Building file: C:/PPC/project_0721/FreeRTOS/FreeRTOS-Kernel/portable/GCC/PPC/portASM.S'
'Building file: C:/PPC/project_0721/FreeRTOS/FreeRTOS-Kernel/queue.c'
'Building file: C:/PPC/project_0721/FreeRTOS/FreeRTOS-Kernel/stream_buffer.c'
'Building file: C:/PPC/project_0721/FreeRTOS/FreeRTOS-Kernel/tasks.c'
'Building file: C:/PPC/project_0721/FreeRTOS/FreeRTOS-Kernel/timers.c'
'Building file: C:/PPC/project_0721/xyp1022_project/libs/ff15/source/diskio.c'
'Building file: C:/PPC/project_0721/xyp1022_project/libs/ff15/source/ff.c'
'Building file: C:/PPC/project_0721/xyp1022_project/libs/ff15/source/ffsystem.c'
'Building file: C:/PPC/project_0721/xyp1022_project/libs/ff15/source/ffunicode.c'
'Executing target #65 C:/PPC/project_0721/LwIP/src/core/pbuf.c'
'Executing target #66 C:/PPC/project_0721/LwIP/src/core/raw.c'
'Executing target #67 C:/PPC/project_0721/LwIP/src/core/stats.c'
'Executing target #68 C:/PPC/project_0721/LwIP/src/core/sys.c'
'Executing target #69 C:/PPC/project_0721/LwIP/src/core/tcp.c'
'Executing target #70 C:/PPC/project_0721/LwIP/src/core/tcp_in.c'
'Executing target #71 C:/PPC/project_0721/LwIP/src/core/tcp_out.c'
'Executing target #72 C:/PPC/project_0721/LwIP/src/core/timeouts.c'
'Executing target #73 C:/PPC/project_0721/LwIP/src/core/udp.c'
'Executing target #74 C:/PPC/project_0721/LwIP/src/api/api_lib.c'
'Executing target #75 C:/PPC/project_0721/LwIP/src/api/api_msg.c'
'Executing target #76 C:/PPC/project_0721/LwIP/src/api/err.c'
'Executing target #77 C:/PPC/project_0721/LwIP/src/api/if_api.c'
'Executing target #78 C:/PPC/project_0721/LwIP/src/api/netbuf.c'
'Executing target #79 C:/PPC/project_0721/LwIP/src/api/netdb.c'
'Executing target #80 C:/PPC/project_0721/LwIP/src/api/netifapi.c'
'Executing target #81 C:/PPC/project_0721/LwIP/src/api/sockets.c'
'Executing target #82 C:/PPC/project_0721/LwIP/src/api/tcpip.c'
'Executing target #83 C:/PPC/project_0721/FreeRTOS/FreeRTOS-Kernel/croutine.c'
'Executing target #84 C:/PPC/project_0721/FreeRTOS/FreeRTOS-Kernel/event_groups.c'
'Executing target #85 C:/PPC/project_0721/FreeRTOS/FreeRTOS-Kernel/portable/MemMang/heap_4.c'
'Executing target #86 C:/PPC/project_0721/FreeRTOS/FreeRTOS-Kernel/list.c'
'Executing target #87 C:/PPC/project_0721/FreeRTOS/FreeRTOS-Kernel/portable/GCC/PPC/port.c'
'Executing target #88 C:/PPC/project_0721/FreeRTOS/FreeRTOS-Kernel/portable/GCC/PPC/portASM.S'
'Executing target #89 C:/PPC/project_0721/FreeRTOS/FreeRTOS-Kernel/queue.c'
'Executing target #90 C:/PPC/project_0721/FreeRTOS/FreeRTOS-Kernel/stream_buffer.c'
'Executing target #91 C:/PPC/project_0721/FreeRTOS/FreeRTOS-Kernel/tasks.c'
'Executing target #92 C:/PPC/project_0721/FreeRTOS/FreeRTOS-Kernel/timers.c'
'Executing target #93 C:/PPC/project_0721/xyp1022_project/libs/ff15/source/diskio.c'
'Executing target #94 C:/PPC/project_0721/xyp1022_project/libs/ff15/source/ff.c'
'Executing target #95 C:/PPC/project_0721/xyp1022_project/libs/ff15/source/ffsystem.c'
'Executing target #96 C:/PPC/project_0721/xyp1022_project/libs/ff15/source/ffunicode.c'
'Invoking: PowerPC AEABI e5500 C Compiler'
'Invoking: PowerPC AEABI e5500 C Compiler'
'Invoking: PowerPC AEABI e5500 C Compiler'
'Invoking: PowerPC AEABI e5500 C Compiler'
'Invoking: PowerPC AEABI e5500 C Compiler'
'Invoking: PowerPC AEABI e5500 C Compiler'
'Invoking: PowerPC AEABI e5500 C Compiler'
'Invoking: PowerPC AEABI e5500 C Compiler'
'Invoking: PowerPC AEABI e5500 C Compiler'
'Invoking: PowerPC AEABI e5500 C Compiler'
'Invoking: PowerPC AEABI e5500 C Compiler'
'Invoking: PowerPC AEABI e5500 C Compiler'
'Invoking: PowerPC AEABI e5500 C Compiler'
'Invoking: PowerPC AEABI e5500 C Compiler'
'Invoking: PowerPC AEABI e5500 C Compiler'
'Invoking: PowerPC AEABI e5500 C Compiler'
'Invoking: PowerPC AEABI e5500 C Compiler'
'Invoking: PowerPC AEABI e5500 C Compiler'
'Invoking: PowerPC AEABI e5500 C Compiler'
'Invoking: PowerPC AEABI e5500 C Compiler'
'Invoking: PowerPC AEABI e5500 C Compiler'
'Invoking: PowerPC AEABI e5500 C Compiler'
'Invoking: PowerPC AEABI e5500 C Compiler'
'Invoking: PowerPC AEABI e5500 C Compiler'
'Invoking: PowerPC AEABI e5500 C Compiler'
'Invoking: PowerPC AEABI e5500 C Compiler'
'Invoking: PowerPC AEABI e5500 C Compiler'
'Invoking: PowerPC AEABI e5500 C Compiler'
'Invoking: PowerPC AEABI e5500 C Compiler'
'Invoking: PowerPC AEABI e5500 C Compiler'
"C:/Freescale/CW_PA_v10.5.1/Cross_Tools/gcc-4.9.2-Ee5500-aeabi/bin/powerpc-aeabi-gcc" "C:/PPC/project_0721/LwIP/src/core/pbuf.c" @"LwIP-core/pbuf.args" -MMD -MP -MF"LwIP-core/pbuf.d" -o"LwIP-core/pbuf.o"
'Invoking: PowerPC AEABI e5500 C Compiler'
"C:/Freescale/CW_PA_v10.5.1/Cross_Tools/gcc-4.9.2-Ee5500-aeabi/bin/powerpc-aeabi-gcc" "C:/PPC/project_0721/LwIP/src/core/raw.c" @"LwIP-core/raw.args" -MMD -MP -MF"LwIP-core/raw.d" -o"LwIP-core/raw.o"
"C:/Freescale/CW_PA_v10.5.1/Cross_Tools/gcc-4.9.2-Ee5500-aeabi/bin/powerpc-aeabi-gcc" "C:/PPC/project_0721/LwIP/src/core/stats.c" @"LwIP-core/stats.args" -MMD -MP -MF"LwIP-core/stats.d" -o"LwIP-core/stats.o"
'Invoking: PowerPC AEABI e5500 C Compiler'
"C:/Freescale/CW_PA_v10.5.1/Cross_Tools/gcc-4.9.2-Ee5500-aeabi/bin/powerpc-aeabi-gcc" "C:/PPC/project_0721/LwIP/src/core/sys.c" @"LwIP-core/sys.args" -MMD -MP -MF"LwIP-core/sys.d" -o"LwIP-core/sys.o"
"C:/Freescale/CW_PA_v10.5.1/Cross_Tools/gcc-4.9.2-Ee5500-aeabi/bin/powerpc-aeabi-gcc" "C:/PPC/project_0721/LwIP/src/core/tcp.c" @"LwIP-core/tcp.args" -MMD -MP -MF"LwIP-core/tcp.d" -o"LwIP-core/tcp.o"
"C:/Freescale/CW_PA_v10.5.1/Cross_Tools/gcc-4.9.2-Ee5500-aeabi/bin/powerpc-aeabi-gcc" "C:/PPC/project_0721/LwIP/src/core/tcp_in.c" @"LwIP-core/tcp_in.args" -MMD -MP -MF"LwIP-core/tcp_in.d" -o"LwIP-core/tcp_in.o"
"C:/Freescale/CW_PA_v10.5.1/Cross_Tools/gcc-4.9.2-Ee5500-aeabi/bin/powerpc-aeabi-gcc" "C:/PPC/project_0721/LwIP/src/core/tcp_out.c" @"LwIP-core/tcp_out.args" -MMD -MP -MF"LwIP-core/tcp_out.d" -o"LwIP-core/tcp_out.o"
"C:/Freescale/CW_PA_v10.5.1/Cross_Tools/gcc-4.9.2-Ee5500-aeabi/bin/powerpc-aeabi-gcc" "C:/PPC/project_0721/LwIP/src/core/timeouts.c" @"LwIP-core/timeouts.args" -MMD -MP -MF"LwIP-core/timeouts.d" -o"LwIP-core/timeouts.o"
"C:/Freescale/CW_PA_v10.5.1/Cross_Tools/gcc-4.9.2-Ee5500-aeabi/bin/powerpc-aeabi-gcc" "C:/PPC/project_0721/LwIP/src/core/udp.c" @"LwIP-core/udp.args" -MMD -MP -MF"LwIP-core/udp.d" -o"LwIP-core/udp.o"
"C:/Freescale/CW_PA_v10.5.1/Cross_Tools/gcc-4.9.2-Ee5500-aeabi/bin/powerpc-aeabi-gcc" "C:/PPC/project_0721/LwIP/src/api/api_lib.c" @"LwIP-api/api_lib.args" -MMD -MP -MF"LwIP-api/api_lib.d" -o"LwIP-api/api_lib.o"
"C:/Freescale/CW_PA_v10.5.1/Cross_Tools/gcc-4.9.2-Ee5500-aeabi/bin/powerpc-aeabi-gcc" "C:/PPC/project_0721/LwIP/src/api/api_msg.c" @"LwIP-api/api_msg.args" -MMD -MP -MF"LwIP-api/api_msg.d" -o"LwIP-api/api_msg.o"
"C:/Freescale/CW_PA_v10.5.1/Cross_Tools/gcc-4.9.2-Ee5500-aeabi/bin/powerpc-aeabi-gcc" "C:/PPC/project_0721/LwIP/src/api/err.c" @"LwIP-api/err.args" -MMD -MP -MF"LwIP-api/err.d" -o"LwIP-api/err.o"
"C:/Freescale/CW_PA_v10.5.1/Cross_Tools/gcc-4.9.2-Ee5500-aeabi/bin/powerpc-aeabi-gcc" "C:/PPC/project_0721/LwIP/src/api/if_api.c" @"LwIP-api/if_api.args" -MMD -MP -MF"LwIP-api/if_api.d" -o"LwIP-api/if_api.o"
"C:/Freescale/CW_PA_v10.5.1/Cross_Tools/gcc-4.9.2-Ee5500-aeabi/bin/powerpc-aeabi-gcc" "C:/PPC/project_0721/LwIP/src/api/netbuf.c" @"LwIP-api/netbuf.args" -MMD -MP -MF"LwIP-api/netbuf.d" -o"LwIP-api/netbuf.o"
"C:/Freescale/CW_PA_v10.5.1/Cross_Tools/gcc-4.9.2-Ee5500-aeabi/bin/powerpc-aeabi-gcc" "C:/PPC/project_0721/LwIP/src/api/netdb.c" @"LwIP-api/netdb.args" -MMD -MP -MF"LwIP-api/netdb.d" -o"LwIP-api/netdb.o"
"C:/Freescale/CW_PA_v10.5.1/Cross_Tools/gcc-4.9.2-Ee5500-aeabi/bin/powerpc-aeabi-gcc" "C:/PPC/project_0721/LwIP/src/api/netifapi.c" @"LwIP-api/netifapi.args" -MMD -MP -MF"LwIP-api/netifapi.d" -o"LwIP-api/netifapi.o"
"C:/Freescale/CW_PA_v10.5.1/Cross_Tools/gcc-4.9.2-Ee5500-aeabi/bin/powerpc-aeabi-gcc" "C:/PPC/project_0721/LwIP/src/api/sockets.c" @"LwIP-api/sockets.args" -MMD -MP -MF"LwIP-api/sockets.d" -o"LwIP-api/sockets.o"
"C:/Freescale/CW_PA_v10.5.1/Cross_Tools/gcc-4.9.2-Ee5500-aeabi/bin/powerpc-aeabi-gcc" "C:/PPC/project_0721/LwIP/src/api/tcpip.c" @"LwIP-api/tcpip.args" -MMD -MP -MF"LwIP-api/tcpip.d" -o"LwIP-api/tcpip.o"
"C:/Freescale/CW_PA_v10.5.1/Cross_Tools/gcc-4.9.2-Ee5500-aeabi/bin/powerpc-aeabi-gcc" "C:/PPC/project_0721/FreeRTOS/FreeRTOS-Kernel/croutine.c" @"FreeRTOS/croutine.args" -MMD -MP -MF"FreeRTOS/croutine.d" -o"FreeRTOS/croutine.o"
"C:/Freescale/CW_PA_v10.5.1/Cross_Tools/gcc-4.9.2-Ee5500-aeabi/bin/powerpc-aeabi-gcc" "C:/PPC/project_0721/FreeRTOS/FreeRTOS-Kernel/event_groups.c" @"FreeRTOS/event_groups.args" -MMD -MP -MF"FreeRTOS/event_groups.d" -o"FreeRTOS/event_groups.o"
"C:/Freescale/CW_PA_v10.5.1/Cross_Tools/gcc-4.9.2-Ee5500-aeabi/bin/powerpc-aeabi-gcc" "C:/PPC/project_0721/FreeRTOS/FreeRTOS-Kernel/portable/MemMang/heap_4.c" @"FreeRTOS/heap_4.args" -MMD -MP -MF"FreeRTOS/heap_4.d" -o"FreeRTOS/heap_4.o"
"C:/Freescale/CW_PA_v10.5.1/Cross_Tools/gcc-4.9.2-Ee5500-aeabi/bin/powerpc-aeabi-gcc" "C:/PPC/project_0721/FreeRTOS/FreeRTOS-Kernel/list.c" @"FreeRTOS/list.args" -MMD -MP -MF"FreeRTOS/list.d" -o"FreeRTOS/list.o"
"C:/Freescale/CW_PA_v10.5.1/Cross_Tools/gcc-4.9.2-Ee5500-aeabi/bin/powerpc-aeabi-gcc" "C:/PPC/project_0721/FreeRTOS/FreeRTOS-Kernel/portable/GCC/PPC/port.c" @"FreeRTOS/port.args" -MMD -MP -MF"FreeRTOS/port.d" -o"FreeRTOS/port.o"
"C:/Freescale/CW_PA_v10.5.1/Cross_Tools/gcc-4.9.2-Ee5500-aeabi/bin/powerpc-aeabi-gcc" "C:/PPC/project_0721/FreeRTOS/FreeRTOS-Kernel/portable/GCC/PPC/portASM.S" @"FreeRTOS/portASM.args" -MMD -MP -MF"FreeRTOS/portASM.d" -o"FreeRTOS/portASM.o"
"C:/Freescale/CW_PA_v10.5.1/Cross_Tools/gcc-4.9.2-Ee5500-aeabi/bin/powerpc-aeabi-gcc" "C:/PPC/project_0721/FreeRTOS/FreeRTOS-Kernel/queue.c" @"FreeRTOS/queue.args" -MMD -MP -MF"FreeRTOS/queue.d" -o"FreeRTOS/queue.o"
"C:/Freescale/CW_PA_v10.5.1/Cross_Tools/gcc-4.9.2-Ee5500-aeabi/bin/powerpc-aeabi-gcc" "C:/PPC/project_0721/FreeRTOS/FreeRTOS-Kernel/stream_buffer.c" @"FreeRTOS/stream_buffer.args" -MMD -MP -MF"FreeRTOS/stream_buffer.d" -o"FreeRTOS/stream_buffer.o"
"C:/Freescale/CW_PA_v10.5.1/Cross_Tools/gcc-4.9.2-Ee5500-aeabi/bin/powerpc-aeabi-gcc" "C:/PPC/project_0721/FreeRTOS/FreeRTOS-Kernel/tasks.c" @"FreeRTOS/tasks.args" -MMD -MP -MF"FreeRTOS/tasks.d" -o"FreeRTOS/tasks.o"
"C:/Freescale/CW_PA_v10.5.1/Cross_Tools/gcc-4.9.2-Ee5500-aeabi/bin/powerpc-aeabi-gcc" "C:/PPC/project_0721/FreeRTOS/FreeRTOS-Kernel/timers.c" @"FreeRTOS/timers.args" -MMD -MP -MF"FreeRTOS/timers.d" -o"FreeRTOS/timers.o"
"C:/Freescale/CW_PA_v10.5.1/Cross_Tools/gcc-4.9.2-Ee5500-aeabi/bin/powerpc-aeabi-gcc" "C:/PPC/project_0721/xyp1022_project/libs/ff15/source/diskio.c" @"FatFS/diskio.args" -MMD -MP -MF"FatFS/diskio.d" -o"FatFS/diskio.o"
"C:/Freescale/CW_PA_v10.5.1/Cross_Tools/gcc-4.9.2-Ee5500-aeabi/bin/powerpc-aeabi-gcc" "C:/PPC/project_0721/xyp1022_project/libs/ff15/source/ff.c" @"FatFS/ff.args" -MMD -MP -MF"FatFS/ff.d" -o"FatFS/ff.o"
"C:/Freescale/CW_PA_v10.5.1/Cross_Tools/gcc-4.9.2-Ee5500-aeabi/bin/powerpc-aeabi-gcc" "C:/PPC/project_0721/xyp1022_project/libs/ff15/source/ffsystem.c" @"FatFS/ffsystem.args" -MMD -MP -MF"FatFS/ffsystem.d" -o"FatFS/ffsystem.o"
"C:/Freescale/CW_PA_v10.5.1/Cross_Tools/gcc-4.9.2-Ee5500-aeabi/bin/powerpc-aeabi-gcc" "C:/PPC/project_0721/xyp1022_project/libs/ff15/source/ffunicode.c" @"FatFS/ffunicode.args" -MMD -MP -MF"FatFS/ffunicode.d" -o"FatFS/ffunicode.o"
'Finished building: C:/PPC/project_0721/LwIP/src/core/pbuf.c'
'Finished building: C:/PPC/project_0721/LwIP/src/core/raw.c'
'Finished building: C:/PPC/project_0721/LwIP/src/core/stats.c'
'Finished building: C:/PPC/project_0721/LwIP/src/core/sys.c'
'Finished building: C:/PPC/project_0721/LwIP/src/core/tcp.c'
'Finished building: C:/PPC/project_0721/LwIP/src/core/tcp_in.c'
'Finished building: C:/PPC/project_0721/LwIP/src/core/tcp_out.c'
'Finished building: C:/PPC/project_0721/LwIP/src/core/timeouts.c'
'Finished building: C:/PPC/project_0721/LwIP/src/core/udp.c'
'Finished building: C:/PPC/project_0721/LwIP/src/api/api_lib.c'
'Finished building: C:/PPC/project_0721/LwIP/src/api/api_msg.c'
'Finished building: C:/PPC/project_0721/LwIP/src/api/err.c'
'Finished building: C:/PPC/project_0721/LwIP/src/api/if_api.c'
'Finished building: C:/PPC/project_0721/LwIP/src/api/netbuf.c'
'Finished building: C:/PPC/project_0721/LwIP/src/api/netdb.c'
'Finished building: C:/PPC/project_0721/LwIP/src/api/netifapi.c'
'Finished building: C:/PPC/project_0721/LwIP/src/api/tcpip.c'
'Finished building: C:/PPC/project_0721/FreeRTOS/FreeRTOS-Kernel/croutine.c'
'Finished building: C:/PPC/project_0721/FreeRTOS/FreeRTOS-Kernel/event_groups.c'
'Finished building: C:/PPC/project_0721/FreeRTOS/FreeRTOS-Kernel/portable/MemMang/heap_4.c'
'Finished building: C:/PPC/project_0721/FreeRTOS/FreeRTOS-Kernel/list.c'
'Finished building: C:/PPC/project_0721/LwIP/src/api/sockets.c'
'Finished building: C:/PPC/project_0721/FreeRTOS/FreeRTOS-Kernel/portable/GCC/PPC/port.c'
'Finished building: C:/PPC/project_0721/FreeRTOS/FreeRTOS-Kernel/portable/GCC/PPC/portASM.S'
'Finished building: C:/PPC/project_0721/FreeRTOS/FreeRTOS-Kernel/queue.c'
'Finished building: C:/PPC/project_0721/FreeRTOS/FreeRTOS-Kernel/stream_buffer.c'
'Finished building: C:/PPC/project_0721/FreeRTOS/FreeRTOS-Kernel/timers.c'
'Finished building: C:/PPC/project_0721/xyp1022_project/libs/ff15/source/diskio.c'
'Finished building: C:/PPC/project_0721/xyp1022_project/libs/ff15/source/ffsystem.c'
'Finished building: C:/PPC/project_0721/xyp1022_project/libs/ff15/source/ffunicode.c'
' '
'Finished building: C:/PPC/project_0721/FreeRTOS/FreeRTOS-Kernel/tasks.c'
' '
' '
' '
' '
'Finished building: C:/PPC/project_0721/xyp1022_project/libs/ff15/source/ff.c'
' '
' '
' '
' '
' '
' '
' '
' '
' '
' '
' '
' '
' '
' '
' '
' '
' '
' '
' '
' '
' '
' '
' '
' '
' '
' '
' '
'Building target: xyp1022_project-core00.elf'
'Executing target #97 xyp1022_project-core00.elf'
'Invoking: PowerPC AEABI e5500 C Linker'
"C:/Freescale/CW_PA_v10.5.1/Cross_Tools/gcc-4.9.2-Ee5500-aeabi/bin/powerpc-aeabi-gcc"    @"xyp1022_project-core00.args" -o"xyp1022_project-core00.elf"
'Finished building target: xyp1022_project-core00.elf'
' '
"C:/Freescale/CW_PA_v10.5.1/gnu/bin/mingw32-make" --no-print-directory post-build
"C:\Freescale\CW_PA_v10.5.1\eclipse\../Cross_Tools/gcc-4.9.2-Ee5500-aeabi/bin/powerpc-aeabi-objdump" -D -S  xyp1022_project-core00.elf > xyp1022_project-core00.elf.asm && "C:\Freescale\CW_PA_v10.5.1\eclipse\../Cross_Tools/gcc-4.9.2-Ee5500-aeabi/bin/powerpc-aeabi-nm" -C -n -l  xyp1022_project-core00.elf > xyp1022_project-core00.sym && "C:\Freescale\CW_PA_v10.5.1\eclipse\../Cross_Tools/gcc-4.9.2-Ee5500-aeabi/bin/powerpc-aeabi-objcopy" -S -O binary xyp1022_project-core00.elf xyp1022_project-core00.bin && "C:\Freescale\CW_PA_v10.5.1\eclipse\../Cross_Tools/gcc-4.9.2-Ee5500-aeabi/bin/powerpc-aeabi-size" xyp1022_project-core00.elf
   text	   data	    bss	    dec	    hex	filename
 271012	  35320	 178264	 484596	  764f4	xyp1022_project-core00.elf
' '

**** Build of configuration RAM for project xyp1022_project-core00 ****

C:\Freescale\CW_PA_v10.5.1\gnu\bin\mingw32-make -j32 all 
mingw32-make: Nothing to be done for `all'.

**** Build of configuration RAM for project xyp1022_project-core00 ****

C:\Freescale\CW_PA_v10.5.1\gnu\bin\mingw32-make -j32 all 
'Building file: C:/PPC/project_0721/xyp1022_project/projects/main.c'
'Executing target #41 C:/PPC/project_0721/xyp1022_project/projects/main.c'
'Invoking: PowerPC AEABI e5500 C Compiler'
"C:/Freescale/CW_PA_v10.5.1/Cross_Tools/gcc-4.9.2-Ee5500-aeabi/bin/powerpc-aeabi-gcc" "C:/PPC/project_0721/xyp1022_project/projects/main.c" @"Sources/main.args" -MMD -MP -MF"Sources/main.d" -o"Sources/main.o"
'Finished building: C:/PPC/project_0721/xyp1022_project/projects/main.c'
' '
'Building target: xyp1022_project-core00.elf'
'Executing target #97 xyp1022_project-core00.elf'
'Invoking: PowerPC AEABI e5500 C Linker'
"C:/Freescale/CW_PA_v10.5.1/Cross_Tools/gcc-4.9.2-Ee5500-aeabi/bin/powerpc-aeabi-gcc"    @"xyp1022_project-core00.args" -o"xyp1022_project-core00.elf"
'Finished building target: xyp1022_project-core00.elf'
' '
"C:/Freescale/CW_PA_v10.5.1/gnu/bin/mingw32-make" --no-print-directory post-build
"C:\Freescale\CW_PA_v10.5.1\eclipse\../Cross_Tools/gcc-4.9.2-Ee5500-aeabi/bin/powerpc-aeabi-objdump" -D -S  xyp1022_project-core00.elf > xyp1022_project-core00.elf.asm && "C:\Freescale\CW_PA_v10.5.1\eclipse\../Cross_Tools/gcc-4.9.2-Ee5500-aeabi/bin/powerpc-aeabi-nm" -C -n -l  xyp1022_project-core00.elf > xyp1022_project-core00.sym && "C:\Freescale\CW_PA_v10.5.1\eclipse\../Cross_Tools/gcc-4.9.2-Ee5500-aeabi/bin/powerpc-aeabi-objcopy" -S -O binary xyp1022_project-core00.elf xyp1022_project-core00.bin && "C:\Freescale\CW_PA_v10.5.1\eclipse\../Cross_Tools/gcc-4.9.2-Ee5500-aeabi/bin/powerpc-aeabi-size" xyp1022_project-core00.elf
   text	   data	    bss	    dec	    hex	filename
 262332	  34232	 178296	 474860	  73eec	xyp1022_project-core00.elf
' '

**** Build of configuration RAM for project xyp1022_project-core00 ****

C:\Freescale\CW_PA_v10.5.1\gnu\bin\mingw32-make -j32 all 
mingw32-make: Nothing to be done for `all'.

**** Build of configuration RAM for project xyp1022_project-core00 ****

C:\Freescale\CW_PA_v10.5.1\gnu\bin\mingw32-make -j32 all 
'Building file: C:/PPC/project_0721/xyp1022_project/projects/main.c'
'Executing target #41 C:/PPC/project_0721/xyp1022_project/projects/main.c'
'Invoking: PowerPC AEABI e5500 C Compiler'
"C:/Freescale/CW_PA_v10.5.1/Cross_Tools/gcc-4.9.2-Ee5500-aeabi/bin/powerpc-aeabi-gcc" "C:/PPC/project_0721/xyp1022_project/projects/main.c" @"Sources/main.args" -MMD -MP -MF"Sources/main.d" -o"Sources/main.o"
'Finished building: C:/PPC/project_0721/xyp1022_project/projects/main.c'
' '
'Building target: xyp1022_project-core00.elf'
'Executing target #97 xyp1022_project-core00.elf'
'Invoking: PowerPC AEABI e5500 C Linker'
"C:/Freescale/CW_PA_v10.5.1/Cross_Tools/gcc-4.9.2-Ee5500-aeabi/bin/powerpc-aeabi-gcc"    @"xyp1022_project-core00.args" -o"xyp1022_project-core00.elf"
'Finished building target: xyp1022_project-core00.elf'
' '
"C:/Freescale/CW_PA_v10.5.1/gnu/bin/mingw32-make" --no-print-directory post-build
"C:\Freescale\CW_PA_v10.5.1\eclipse\../Cross_Tools/gcc-4.9.2-Ee5500-aeabi/bin/powerpc-aeabi-objdump" -D -S  xyp1022_project-core00.elf > xyp1022_project-core00.elf.asm && "C:\Freescale\CW_PA_v10.5.1\eclipse\../Cross_Tools/gcc-4.9.2-Ee5500-aeabi/bin/powerpc-aeabi-nm" -C -n -l  xyp1022_project-core00.elf > xyp1022_project-core00.sym && "C:\Freescale\CW_PA_v10.5.1\eclipse\../Cross_Tools/gcc-4.9.2-Ee5500-aeabi/bin/powerpc-aeabi-objcopy" -S -O binary xyp1022_project-core00.elf xyp1022_project-core00.bin && "C:\Freescale\CW_PA_v10.5.1\eclipse\../Cross_Tools/gcc-4.9.2-Ee5500-aeabi/bin/powerpc-aeabi-size" xyp1022_project-core00.elf
   text	   data	    bss	    dec	    hex	filename
 265140	  34504	 178296	 477940	  74af4	xyp1022_project-core00.elf
' '

**** Build of configuration RAM for project xyp1022_project-core00 ****

C:\Freescale\CW_PA_v10.5.1\gnu\bin\mingw32-make -j32 all 
mingw32-make: Nothing to be done for `all'.

**** Build of configuration RAM for project xyp1022_project-core00 ****

C:\Freescale\CW_PA_v10.5.1\gnu\bin\mingw32-make -j32 all 
'Building file: C:/PPC/project_0721/xyp1022_project/projects/main.c'
'Executing target #41 C:/PPC/project_0721/xyp1022_project/projects/main.c'
'Invoking: PowerPC AEABI e5500 C Compiler'
"C:/Freescale/CW_PA_v10.5.1/Cross_Tools/gcc-4.9.2-Ee5500-aeabi/bin/powerpc-aeabi-gcc" "C:/PPC/project_0721/xyp1022_project/projects/main.c" @"Sources/main.args" -MMD -MP -MF"Sources/main.d" -o"Sources/main.o"
'Finished building: C:/PPC/project_0721/xyp1022_project/projects/main.c'
' '
'Building target: xyp1022_project-core00.elf'
'Executing target #97 xyp1022_project-core00.elf'
'Invoking: PowerPC AEABI e5500 C Linker'
"C:/Freescale/CW_PA_v10.5.1/Cross_Tools/gcc-4.9.2-Ee5500-aeabi/bin/powerpc-aeabi-gcc"    @"xyp1022_project-core00.args" -o"xyp1022_project-core00.elf"
'Finished building target: xyp1022_project-core00.elf'
' '
"C:/Freescale/CW_PA_v10.5.1/gnu/bin/mingw32-make" --no-print-directory post-build
"C:\Freescale\CW_PA_v10.5.1\eclipse\../Cross_Tools/gcc-4.9.2-Ee5500-aeabi/bin/powerpc-aeabi-objdump" -D -S  xyp1022_project-core00.elf > xyp1022_project-core00.elf.asm && "C:\Freescale\CW_PA_v10.5.1\eclipse\../Cross_Tools/gcc-4.9.2-Ee5500-aeabi/bin/powerpc-aeabi-nm" -C -n -l  xyp1022_project-core00.elf > xyp1022_project-core00.sym && "C:\Freescale\CW_PA_v10.5.1\eclipse\../Cross_Tools/gcc-4.9.2-Ee5500-aeabi/bin/powerpc-aeabi-objcopy" -S -O binary xyp1022_project-core00.elf xyp1022_project-core00.bin && "C:\Freescale\CW_PA_v10.5.1\eclipse\../Cross_Tools/gcc-4.9.2-Ee5500-aeabi/bin/powerpc-aeabi-size" xyp1022_project-core00.elf
   text	   data	    bss	    dec	    hex	filename
 271012	  35320	 178264	 484596	  764f4	xyp1022_project-core00.elf
' '

**** Build of configuration RAM for project xyp1022_project-core00 ****

C:\Freescale\CW_PA_v10.5.1\gnu\bin\mingw32-make -j32 all 
mingw32-make: Nothing to be done for `all'.

**** Build of configuration RAM for project xyp1022_project-core00 ****

C:\Freescale\CW_PA_v10.5.1\gnu\bin\mingw32-make -j32 all 
mingw32-make: Nothing to be done for `all'.

**** Build of configuration RAM for project xyp1022_project-core00 ****

C:\Freescale\CW_PA_v10.5.1\gnu\bin\mingw32-make -j32 all 
mingw32-make: Nothing to be done for `all'.

**** Clean-only build of configuration RAM for project xyp1022_project-core00 ****
Build complete for project xyp1022_project-core00

**** Build of configuration RAM for project xyp1022_project-core00 ****

C:\Freescale\CW_PA_v10.5.1\gnu\bin\mingw32-make -j32 all 
'Building file: C:/PPC/project_0721/xyp1022_project/libs/coremark/core_list_join.c'
'Building file: C:/PPC/project_0721/xyp1022_project/libs/coremark/core_main.c'
'Building file: C:/PPC/project_0721/xyp1022_project/libs/coremark/core_matrix.c'
'Building file: C:/PPC/project_0721/xyp1022_project/libs/coremark/core_portme.c'
'Building file: C:/PPC/project_0721/xyp1022_project/libs/coremark/core_state.c'
'Building file: C:/PPC/project_0721/xyp1022_project/libs/coremark/core_util.c'
'Building file: C:/PPC/project_0721/xyp1022_project/libs/xprintf.c'
'Building file: C:/PPC/project_0721/xyp1022_project/libs/xshell.c'
'Building file: C:/PPC/project_0721/xyp1022_project/libs/xshell_command.c'
'Building file: C:/PPC/project_0721/xyp1022_project/libs/ymodem.c'
'Building file: C:/PPC/project_0721/xyp1022_project/ThirdLib/Sources/acu.c'
'Building file: C:/PPC/project_0721/xyp1022_project/ThirdLib/Sources/axi_law_init.c'
'Building file: C:/PPC/project_0721/xyp1022_project/ThirdLib/Sources/axidma_test.c'
'Building file: C:/PPC/project_0721/xyp1022_project/ThirdLib/Sources/cc_law_init.c'
'Building file: C:/PPC/project_0721/xyp1022_project/ThirdLib/Sources/dwc_mmc.c'
'Building file: C:/PPC/project_0721/xyp1022_project/ThirdLib/Sources/ebc.c'
'Building file: C:/PPC/project_0721/xyp1022_project/ThirdLib/Sources/exp_default.c'
'Building file: C:/PPC/project_0721/xyp1022_project/ThirdLib/Sources/interrupt.c'
'Building file: C:/PPC/project_0721/xyp1022_project/ThirdLib/Sources/mmc_basic.c'
'Building file: C:/PPC/project_0721/xyp1022_project/ThirdLib/Sources/mmu.c'
'Building file: C:/PPC/project_0721/xyp1022_project/ThirdLib/Sources/mpic_init.c'
'Building file: C:/PPC/project_0721/xyp1022_project/ThirdLib/Sources/pamu_init.c'
'Building file: C:/PPC/project_0721/xyp1022_project/ThirdLib/Sources/spsFlash.c'
'Building file: C:/PPC/project_0721/xyp1022_project/ThirdLib/Sources/sst_flash.c'
'Building file: C:/PPC/project_0721/xyp1022_project/ThirdLib/Lib/cpr_init.c'
'Building file: C:/PPC/project_0721/xyp1022_project/ThirdLib/Lib/ddr34_init.c'
'Building file: C:/PPC/project_0721/xyp1022_project/ThirdLib/Lib/init.s'
'Building file: C:/PPC/project_0721/xyp1022_project/ThirdLib/Lib/init_chip.s'
'Building file: C:/PPC/project_0721/xyp1022_project/ThirdLib/Lib/intr.s'
'Building file: C:/PPC/project_0721/xyp1022_project/ThirdLib/Lib/start.s'
'Building file: C:/PPC/project_0721/xyp1022_project/board/board_init.c'
'Building file: C:/PPC/project_0721/xyp1022_project/ppc_driver/delay.c'
'Executing target #1 C:/PPC/project_0721/xyp1022_project/libs/coremark/core_list_join.c'
'Executing target #2 C:/PPC/project_0721/xyp1022_project/libs/coremark/core_main.c'
'Executing target #3 C:/PPC/project_0721/xyp1022_project/libs/coremark/core_matrix.c'
'Executing target #4 C:/PPC/project_0721/xyp1022_project/libs/coremark/core_portme.c'
'Executing target #5 C:/PPC/project_0721/xyp1022_project/libs/coremark/core_state.c'
'Executing target #6 C:/PPC/project_0721/xyp1022_project/libs/coremark/core_util.c'
'Executing target #7 C:/PPC/project_0721/xyp1022_project/libs/xprintf.c'
'Executing target #8 C:/PPC/project_0721/xyp1022_project/libs/xshell.c'
'Executing target #9 C:/PPC/project_0721/xyp1022_project/libs/xshell_command.c'
'Executing target #10 C:/PPC/project_0721/xyp1022_project/libs/ymodem.c'
'Executing target #11 C:/PPC/project_0721/xyp1022_project/ThirdLib/Sources/acu.c'
'Executing target #12 C:/PPC/project_0721/xyp1022_project/ThirdLib/Sources/axi_law_init.c'
'Executing target #13 C:/PPC/project_0721/xyp1022_project/ThirdLib/Sources/axidma_test.c'
'Executing target #14 C:/PPC/project_0721/xyp1022_project/ThirdLib/Sources/cc_law_init.c'
'Executing target #15 C:/PPC/project_0721/xyp1022_project/ThirdLib/Sources/dwc_mmc.c'
'Executing target #16 C:/PPC/project_0721/xyp1022_project/ThirdLib/Sources/ebc.c'
'Executing target #17 C:/PPC/project_0721/xyp1022_project/ThirdLib/Sources/exp_default.c'
'Executing target #18 C:/PPC/project_0721/xyp1022_project/ThirdLib/Sources/interrupt.c'
'Executing target #19 C:/PPC/project_0721/xyp1022_project/ThirdLib/Sources/mmc_basic.c'
'Executing target #20 C:/PPC/project_0721/xyp1022_project/ThirdLib/Sources/mmu.c'
'Executing target #21 C:/PPC/project_0721/xyp1022_project/ThirdLib/Sources/mpic_init.c'
'Executing target #22 C:/PPC/project_0721/xyp1022_project/ThirdLib/Sources/pamu_init.c'
'Executing target #23 C:/PPC/project_0721/xyp1022_project/ThirdLib/Sources/spsFlash.c'
'Executing target #24 C:/PPC/project_0721/xyp1022_project/ThirdLib/Sources/sst_flash.c'
'Executing target #25 C:/PPC/project_0721/xyp1022_project/ThirdLib/Lib/cpr_init.c'
'Executing target #26 C:/PPC/project_0721/xyp1022_project/ThirdLib/Lib/ddr34_init.c'
'Executing target #27 C:/PPC/project_0721/xyp1022_project/ThirdLib/Lib/init.s'
'Executing target #28 C:/PPC/project_0721/xyp1022_project/ThirdLib/Lib/init_chip.s'
'Executing target #29 C:/PPC/project_0721/xyp1022_project/ThirdLib/Lib/intr.s'
'Executing target #30 C:/PPC/project_0721/xyp1022_project/ThirdLib/Lib/start.s'
'Executing target #31 C:/PPC/project_0721/xyp1022_project/board/board_init.c'
'Executing target #32 C:/PPC/project_0721/xyp1022_project/ppc_driver/delay.c'
'Invoking: PowerPC AEABI e5500 C Compiler'
'Invoking: PowerPC AEABI e5500 C Compiler'
'Invoking: PowerPC AEABI e5500 C Compiler'
'Invoking: PowerPC AEABI e5500 C Compiler'
'Invoking: PowerPC AEABI e5500 C Compiler'
'Invoking: PowerPC AEABI e5500 C Compiler'
'Invoking: PowerPC AEABI e5500 C Compiler'
'Invoking: PowerPC AEABI e5500 C Compiler'
'Invoking: PowerPC AEABI e5500 C Compiler'
'Invoking: PowerPC AEABI e5500 C Compiler'
'Invoking: PowerPC AEABI e5500 C Compiler'
'Invoking: PowerPC AEABI e5500 C Compiler'
'Invoking: PowerPC AEABI e5500 C Compiler'
'Invoking: PowerPC AEABI e5500 C Compiler'
'Invoking: PowerPC AEABI e5500 C Compiler'
'Invoking: PowerPC AEABI e5500 C Compiler'
'Invoking: PowerPC AEABI e5500 C Compiler'
'Invoking: PowerPC AEABI e5500 C Compiler'
'Invoking: PowerPC AEABI e5500 C Compiler'
'Invoking: PowerPC AEABI e5500 C Compiler'
'Invoking: PowerPC AEABI e5500 C Compiler'
'Invoking: PowerPC AEABI e5500 C Compiler'
'Invoking: PowerPC AEABI e5500 C Compiler'
'Invoking: PowerPC AEABI e5500 C Compiler'
'Invoking: PowerPC AEABI e5500 C Compiler'
'Invoking: PowerPC AEABI e5500 C Compiler'
'Invoking: PowerPC AEABI e5500 Assembler'
'Invoking: PowerPC AEABI e5500 Assembler'
'Invoking: PowerPC AEABI e5500 Assembler'
'Invoking: PowerPC AEABI e5500 Assembler'
"C:/Freescale/CW_PA_v10.5.1/Cross_Tools/gcc-4.9.2-Ee5500-aeabi/bin/powerpc-aeabi-gcc" "C:/PPC/project_0721/xyp1022_project/libs/coremark/core_list_join.c" @"Utilities-Coremark/core_list_join.args" -MMD -MP -MF"Utilities-Coremark/core_list_join.d" -o"Utilities-Coremark/core_list_join.o"
'Invoking: PowerPC AEABI e5500 C Compiler'
"C:/Freescale/CW_PA_v10.5.1/Cross_Tools/gcc-4.9.2-Ee5500-aeabi/bin/powerpc-aeabi-gcc" "C:/PPC/project_0721/xyp1022_project/libs/coremark/core_main.c" @"Utilities-Coremark/core_main.args" -MMD -MP -MF"Utilities-Coremark/core_main.d" -o"Utilities-Coremark/core_main.o"
'Invoking: PowerPC AEABI e5500 C Compiler'
"C:/Freescale/CW_PA_v10.5.1/Cross_Tools/gcc-4.9.2-Ee5500-aeabi/bin/powerpc-aeabi-gcc" "C:/PPC/project_0721/xyp1022_project/libs/coremark/core_matrix.c" @"Utilities-Coremark/core_matrix.args" -MMD -MP -MF"Utilities-Coremark/core_matrix.d" -o"Utilities-Coremark/core_matrix.o"
"C:/Freescale/CW_PA_v10.5.1/Cross_Tools/gcc-4.9.2-Ee5500-aeabi/bin/powerpc-aeabi-gcc" "C:/PPC/project_0721/xyp1022_project/libs/coremark/core_portme.c" @"Utilities-Coremark/core_portme.args" -MMD -MP -MF"Utilities-Coremark/core_portme.d" -o"Utilities-Coremark/core_portme.o"
"C:/Freescale/CW_PA_v10.5.1/Cross_Tools/gcc-4.9.2-Ee5500-aeabi/bin/powerpc-aeabi-gcc" "C:/PPC/project_0721/xyp1022_project/libs/coremark/core_state.c" @"Utilities-Coremark/core_state.args" -MMD -MP -MF"Utilities-Coremark/core_state.d" -o"Utilities-Coremark/core_state.o"
"C:/Freescale/CW_PA_v10.5.1/Cross_Tools/gcc-4.9.2-Ee5500-aeabi/bin/powerpc-aeabi-gcc" "C:/PPC/project_0721/xyp1022_project/libs/coremark/core_util.c" @"Utilities-Coremark/core_util.args" -MMD -MP -MF"Utilities-Coremark/core_util.d" -o"Utilities-Coremark/core_util.o"
"C:/Freescale/CW_PA_v10.5.1/Cross_Tools/gcc-4.9.2-Ee5500-aeabi/bin/powerpc-aeabi-gcc" "C:/PPC/project_0721/xyp1022_project/libs/xprintf.c" @"Utilities/xprintf.args" -MMD -MP -MF"Utilities/xprintf.d" -o"Utilities/xprintf.o"
"C:/Freescale/CW_PA_v10.5.1/Cross_Tools/gcc-4.9.2-Ee5500-aeabi/bin/powerpc-aeabi-gcc" "C:/PPC/project_0721/xyp1022_project/libs/xshell.c" @"Utilities/xshell.args" -MMD -MP -MF"Utilities/xshell.d" -o"Utilities/xshell.o"
"C:/Freescale/CW_PA_v10.5.1/Cross_Tools/gcc-4.9.2-Ee5500-aeabi/bin/powerpc-aeabi-gcc" "C:/PPC/project_0721/xyp1022_project/libs/xshell_command.c" @"Utilities/xshell_command.args" -MMD -MP -MF"Utilities/xshell_command.d" -o"Utilities/xshell_command.o"
"C:/Freescale/CW_PA_v10.5.1/Cross_Tools/gcc-4.9.2-Ee5500-aeabi/bin/powerpc-aeabi-gcc" "C:/PPC/project_0721/xyp1022_project/libs/ymodem.c" @"Utilities/ymodem.args" -MMD -MP -MF"Utilities/ymodem.d" -o"Utilities/ymodem.o"
"C:/Freescale/CW_PA_v10.5.1/Cross_Tools/gcc-4.9.2-Ee5500-aeabi/bin/powerpc-aeabi-gcc" "C:/PPC/project_0721/xyp1022_project/ThirdLib/Sources/acu.c" @"ThirdLib-Sources/acu.args" -MMD -MP -MF"ThirdLib-Sources/acu.d" -o"ThirdLib-Sources/acu.o"
"C:/Freescale/CW_PA_v10.5.1/Cross_Tools/gcc-4.9.2-Ee5500-aeabi/bin/powerpc-aeabi-gcc" "C:/PPC/project_0721/xyp1022_project/ThirdLib/Sources/axi_law_init.c" @"ThirdLib-Sources/axi_law_init.args" -MMD -MP -MF"ThirdLib-Sources/axi_law_init.d" -o"ThirdLib-Sources/axi_law_init.o"
"C:/Freescale/CW_PA_v10.5.1/Cross_Tools/gcc-4.9.2-Ee5500-aeabi/bin/powerpc-aeabi-gcc" "C:/PPC/project_0721/xyp1022_project/ThirdLib/Sources/axidma_test.c" @"ThirdLib-Sources/axidma_test.args" -MMD -MP -MF"ThirdLib-Sources/axidma_test.d" -o"ThirdLib-Sources/axidma_test.o"
"C:/Freescale/CW_PA_v10.5.1/Cross_Tools/gcc-4.9.2-Ee5500-aeabi/bin/powerpc-aeabi-gcc" "C:/PPC/project_0721/xyp1022_project/ThirdLib/Sources/cc_law_init.c" @"ThirdLib-Sources/cc_law_init.args" -MMD -MP -MF"ThirdLib-Sources/cc_law_init.d" -o"ThirdLib-Sources/cc_law_init.o"
"C:/Freescale/CW_PA_v10.5.1/Cross_Tools/gcc-4.9.2-Ee5500-aeabi/bin/powerpc-aeabi-gcc" "C:/PPC/project_0721/xyp1022_project/ThirdLib/Sources/dwc_mmc.c" @"ThirdLib-Sources/dwc_mmc.args" -MMD -MP -MF"ThirdLib-Sources/dwc_mmc.d" -o"ThirdLib-Sources/dwc_mmc.o"
"C:/Freescale/CW_PA_v10.5.1/Cross_Tools/gcc-4.9.2-Ee5500-aeabi/bin/powerpc-aeabi-gcc" "C:/PPC/project_0721/xyp1022_project/ThirdLib/Sources/ebc.c" @"ThirdLib-Sources/ebc.args" -MMD -MP -MF"ThirdLib-Sources/ebc.d" -o"ThirdLib-Sources/ebc.o"
"C:/Freescale/CW_PA_v10.5.1/Cross_Tools/gcc-4.9.2-Ee5500-aeabi/bin/powerpc-aeabi-gcc" "C:/PPC/project_0721/xyp1022_project/ThirdLib/Sources/exp_default.c" @"ThirdLib-Sources/exp_default.args" -MMD -MP -MF"ThirdLib-Sources/exp_default.d" -o"ThirdLib-Sources/exp_default.o"
"C:/Freescale/CW_PA_v10.5.1/Cross_Tools/gcc-4.9.2-Ee5500-aeabi/bin/powerpc-aeabi-gcc" "C:/PPC/project_0721/xyp1022_project/ThirdLib/Sources/interrupt.c" @"ThirdLib-Sources/interrupt.args" -MMD -MP -MF"ThirdLib-Sources/interrupt.d" -o"ThirdLib-Sources/interrupt.o"
"C:/Freescale/CW_PA_v10.5.1/Cross_Tools/gcc-4.9.2-Ee5500-aeabi/bin/powerpc-aeabi-gcc" "C:/PPC/project_0721/xyp1022_project/ThirdLib/Sources/mmc_basic.c" @"ThirdLib-Sources/mmc_basic.args" -MMD -MP -MF"ThirdLib-Sources/mmc_basic.d" -o"ThirdLib-Sources/mmc_basic.o"
"C:/Freescale/CW_PA_v10.5.1/Cross_Tools/gcc-4.9.2-Ee5500-aeabi/bin/powerpc-aeabi-gcc" "C:/PPC/project_0721/xyp1022_project/ThirdLib/Sources/mmu.c" @"ThirdLib-Sources/mmu.args" -MMD -MP -MF"ThirdLib-Sources/mmu.d" -o"ThirdLib-Sources/mmu.o"
"C:/Freescale/CW_PA_v10.5.1/Cross_Tools/gcc-4.9.2-Ee5500-aeabi/bin/powerpc-aeabi-gcc" "C:/PPC/project_0721/xyp1022_project/ThirdLib/Sources/mpic_init.c" @"ThirdLib-Sources/mpic_init.args" -MMD -MP -MF"ThirdLib-Sources/mpic_init.d" -o"ThirdLib-Sources/mpic_init.o"
"C:/Freescale/CW_PA_v10.5.1/Cross_Tools/gcc-4.9.2-Ee5500-aeabi/bin/powerpc-aeabi-gcc" "C:/PPC/project_0721/xyp1022_project/ThirdLib/Sources/pamu_init.c" @"ThirdLib-Sources/pamu_init.args" -MMD -MP -MF"ThirdLib-Sources/pamu_init.d" -o"ThirdLib-Sources/pamu_init.o"
"C:/Freescale/CW_PA_v10.5.1/Cross_Tools/gcc-4.9.2-Ee5500-aeabi/bin/powerpc-aeabi-gcc" "C:/PPC/project_0721/xyp1022_project/ThirdLib/Sources/spsFlash.c" @"ThirdLib-Sources/spsFlash.args" -MMD -MP -MF"ThirdLib-Sources/spsFlash.d" -o"ThirdLib-Sources/spsFlash.o"
"C:/Freescale/CW_PA_v10.5.1/Cross_Tools/gcc-4.9.2-Ee5500-aeabi/bin/powerpc-aeabi-gcc" "C:/PPC/project_0721/xyp1022_project/ThirdLib/Sources/sst_flash.c" @"ThirdLib-Sources/sst_flash.args" -MMD -MP -MF"ThirdLib-Sources/sst_flash.d" -o"ThirdLib-Sources/sst_flash.o"
"C:/Freescale/CW_PA_v10.5.1/Cross_Tools/gcc-4.9.2-Ee5500-aeabi/bin/powerpc-aeabi-gcc" "C:/PPC/project_0721/xyp1022_project/ThirdLib/Lib/cpr_init.c" @"ThirdLib/cpr_init.args" -MMD -MP -MF"ThirdLib/cpr_init.d" -o"ThirdLib/cpr_init.o"
"C:/Freescale/CW_PA_v10.5.1/Cross_Tools/gcc-4.9.2-Ee5500-aeabi/bin/powerpc-aeabi-gcc" "C:/PPC/project_0721/xyp1022_project/ThirdLib/Lib/ddr34_init.c" @"ThirdLib/ddr34_init.args" -MMD -MP -MF"ThirdLib/ddr34_init.d" -o"ThirdLib/ddr34_init.o"
"C:/Freescale/CW_PA_v10.5.1/Cross_Tools/gcc-4.9.2-Ee5500-aeabi/bin/powerpc-aeabi-as" "C:/PPC/project_0721/xyp1022_project/ThirdLib/Lib/init.s" -g -I"C:/PPC/project_0721/xyp1022_project/ThirdLib/include" -a64 -me5500 -o"ThirdLib/init.o"
"C:/Freescale/CW_PA_v10.5.1/Cross_Tools/gcc-4.9.2-Ee5500-aeabi/bin/powerpc-aeabi-as" "C:/PPC/project_0721/xyp1022_project/ThirdLib/Lib/init_chip.s" -g -I"C:/PPC/project_0721/xyp1022_project/ThirdLib/include" -a64 -me5500 -o"ThirdLib/init_chip.o"
"C:/Freescale/CW_PA_v10.5.1/Cross_Tools/gcc-4.9.2-Ee5500-aeabi/bin/powerpc-aeabi-as" "C:/PPC/project_0721/xyp1022_project/ThirdLib/Lib/intr.s" -g -I"C:/PPC/project_0721/xyp1022_project/ThirdLib/include" -a64 -me5500 -o"ThirdLib/intr.o"
"C:/Freescale/CW_PA_v10.5.1/Cross_Tools/gcc-4.9.2-Ee5500-aeabi/bin/powerpc-aeabi-as" "C:/PPC/project_0721/xyp1022_project/ThirdLib/Lib/start.s" -g -I"C:/PPC/project_0721/xyp1022_project/ThirdLib/include" -a64 -me5500 -o"ThirdLib/start.o"
"C:/Freescale/CW_PA_v10.5.1/Cross_Tools/gcc-4.9.2-Ee5500-aeabi/bin/powerpc-aeabi-gcc" "C:/PPC/project_0721/xyp1022_project/board/board_init.c" @"Sources/board_init.args" -MMD -MP -MF"Sources/board_init.d" -o"Sources/board_init.o"
"C:/Freescale/CW_PA_v10.5.1/Cross_Tools/gcc-4.9.2-Ee5500-aeabi/bin/powerpc-aeabi-gcc" "C:/PPC/project_0721/xyp1022_project/ppc_driver/delay.c" @"Sources/delay.args" -MMD -MP -MF"Sources/delay.d" -o"Sources/delay.o"
'Finished building: C:/PPC/project_0721/xyp1022_project/libs/coremark/core_list_join.c'
'Finished building: C:/PPC/project_0721/xyp1022_project/libs/coremark/core_main.c'
' '
'Finished building: C:/PPC/project_0721/xyp1022_project/libs/coremark/core_matrix.c'
'Finished building: C:/PPC/project_0721/xyp1022_project/libs/coremark/core_util.c'
'Finished building: C:/PPC/project_0721/xyp1022_project/libs/xshell.c'
'Finished building: C:/PPC/project_0721/xyp1022_project/libs/coremark/core_portme.c'
' '
'Finished building: C:/PPC/project_0721/xyp1022_project/libs/coremark/core_state.c'
'Finished building: C:/PPC/project_0721/xyp1022_project/ThirdLib/Lib/start.s'
' '
'Building file: C:/PPC/project_0721/xyp1022_project/driver/drv_gmac.c'
'Finished building: C:/PPC/project_0721/xyp1022_project/libs/xprintf.c'
'Finished building: C:/PPC/project_0721/xyp1022_project/libs/ymodem.c'
'Finished building: C:/PPC/project_0721/xyp1022_project/ThirdLib/Sources/acu.c'
'Finished building: C:/PPC/project_0721/xyp1022_project/ThirdLib/Sources/axi_law_init.c'
'Finished building: C:/PPC/project_0721/xyp1022_project/ThirdLib/Sources/axidma_test.c'
'Finished building: C:/PPC/project_0721/xyp1022_project/libs/xshell_command.c'
'Finished building: C:/PPC/project_0721/xyp1022_project/ThirdLib/Sources/cc_law_init.c'
'Finished building: C:/PPC/project_0721/xyp1022_project/ThirdLib/Sources/dwc_mmc.c'
'Finished building: C:/PPC/project_0721/xyp1022_project/ThirdLib/Sources/ebc.c'
'Finished building: C:/PPC/project_0721/xyp1022_project/ThirdLib/Sources/exp_default.c'
'Finished building: C:/PPC/project_0721/xyp1022_project/ThirdLib/Sources/interrupt.c'
'Finished building: C:/PPC/project_0721/xyp1022_project/ThirdLib/Sources/mmc_basic.c'
'Finished building: C:/PPC/project_0721/xyp1022_project/ThirdLib/Sources/mmu.c'
'Finished building: C:/PPC/project_0721/xyp1022_project/ThirdLib/Sources/pamu_init.c'
'Finished building: C:/PPC/project_0721/xyp1022_project/ThirdLib/Sources/spsFlash.c'
'Finished building: C:/PPC/project_0721/xyp1022_project/ThirdLib/Sources/sst_flash.c'
'Finished building: C:/PPC/project_0721/xyp1022_project/ThirdLib/Lib/cpr_init.c'
'Finished building: C:/PPC/project_0721/xyp1022_project/ThirdLib/Lib/ddr34_init.c'
'Finished building: C:/PPC/project_0721/xyp1022_project/ThirdLib/Lib/init.s'
'Finished building: C:/PPC/project_0721/xyp1022_project/ThirdLib/Lib/init_chip.s'
'Finished building: C:/PPC/project_0721/xyp1022_project/ThirdLib/Lib/intr.s'
'Finished building: C:/PPC/project_0721/xyp1022_project/board/board_init.c'
'Finished building: C:/PPC/project_0721/xyp1022_project/ppc_driver/delay.c'
' '
'Finished building: C:/PPC/project_0721/xyp1022_project/ThirdLib/Sources/mpic_init.c'
' '
' '
'Building file: C:/PPC/project_0721/xyp1022_project/driver/drv_gmac_crc.c'
' '
' '
'Executing target #33 C:/PPC/project_0721/xyp1022_project/driver/drv_gmac.c'
'Building file: C:/PPC/project_0721/xyp1022_project/driver/drv_gmac_phy.c'
' '
' '
' '
' '
' '
' '
' '
' '
' '
' '
' '
' '
' '
' '
' '
' '
' '
' '
' '
' '
' '
' '
' '
'Building file: C:/PPC/project_0721/xyp1022_project/driver/drv_uart.c'
' '
'Building file: C:/PPC/project_0721/xyp1022_project/ThirdLib/Sources/dspi.c'
'Building file: C:/PPC/project_0721/xyp1022_project/projects/ethernetif.c'
'Executing target #34 C:/PPC/project_0721/xyp1022_project/driver/drv_gmac_crc.c'
'Building file: C:/PPC/project_0721/xyp1022_project/ThirdLib/Sources/iic_test.c'
'Building file: C:/PPC/project_0721/xyp1022_project/projects/iperf.c'
'Invoking: PowerPC AEABI e5500 C Compiler'
'Executing target #35 C:/PPC/project_0721/xyp1022_project/driver/drv_gmac_phy.c'
'Building file: C:/PPC/project_0721/xyp1022_project/projects/main.c'
'Building file: C:/PPC/project_0721/xyp1022_project/ppc_driver/sysclock.c'
'Building file: C:/PPC/project_0721/xyp1022_project/projects/arch/sys_arch.c'
'Building file: C:/PPC/project_0721/LwIP/src/netif/bridgeif.c'
'Building file: C:/PPC/project_0721/LwIP/src/netif/ethernet.c'
'Building file: C:/PPC/project_0721/LwIP/src/core/ipv4/autoip.c'
'Building file: C:/PPC/project_0721/LwIP/src/core/ipv4/dhcp.c'
'Building file: C:/PPC/project_0721/LwIP/src/core/ipv4/etharp.c'
'Building file: C:/PPC/project_0721/LwIP/src/core/ipv4/icmp.c'
'Building file: C:/PPC/project_0721/LwIP/src/core/ipv4/igmp.c'
'Building file: C:/PPC/project_0721/LwIP/src/core/ipv4/ip4.c'
'Building file: C:/PPC/project_0721/LwIP/src/core/ipv4/ip4_addr.c'
'Building file: C:/PPC/project_0721/LwIP/src/core/ipv4/ip4_frag.c'
'Building file: C:/PPC/project_0721/LwIP/src/core/altcp.c'
'Building file: C:/PPC/project_0721/LwIP/src/core/altcp_alloc.c'
'Building file: C:/PPC/project_0721/LwIP/src/core/altcp_tcp.c'
'Building file: C:/PPC/project_0721/LwIP/src/core/def.c'
'Building file: C:/PPC/project_0721/LwIP/src/core/dns.c'
'Building file: C:/PPC/project_0721/LwIP/src/core/inet_chksum.c'
'Building file: C:/PPC/project_0721/LwIP/src/core/init.c'
'Building file: C:/PPC/project_0721/LwIP/src/core/ip.c'
'Building file: C:/PPC/project_0721/LwIP/src/core/mem.c'
'Building file: C:/PPC/project_0721/LwIP/src/core/memp.c'
'Executing target #36 C:/PPC/project_0721/xyp1022_project/driver/drv_uart.c'
'Building file: C:/PPC/project_0721/LwIP/src/core/netif.c'
'Executing target #37 C:/PPC/project_0721/xyp1022_project/ThirdLib/Sources/dspi.c'
'Executing target #38 C:/PPC/project_0721/xyp1022_project/projects/ethernetif.c'
'Invoking: PowerPC AEABI e5500 C Compiler'
"C:/Freescale/CW_PA_v10.5.1/Cross_Tools/gcc-4.9.2-Ee5500-aeabi/bin/powerpc-aeabi-gcc" "C:/PPC/project_0721/xyp1022_project/driver/drv_gmac.c" @"Sources/drv_gmac.args" -MMD -MP -MF"Sources/drv_gmac.d" -o"Sources/drv_gmac.o"
'Executing target #39 C:/PPC/project_0721/xyp1022_project/ThirdLib/Sources/iic_test.c'
'Executing target #40 C:/PPC/project_0721/xyp1022_project/projects/iperf.c'
'Invoking: PowerPC AEABI e5500 C Compiler'
'Executing target #41 C:/PPC/project_0721/xyp1022_project/projects/main.c'
'Executing target #42 C:/PPC/project_0721/xyp1022_project/ppc_driver/sysclock.c'
'Executing target #43 C:/PPC/project_0721/xyp1022_project/projects/arch/sys_arch.c'
'Executing target #44 C:/PPC/project_0721/LwIP/src/netif/bridgeif.c'
'Executing target #45 C:/PPC/project_0721/LwIP/src/netif/ethernet.c'
'Executing target #46 C:/PPC/project_0721/LwIP/src/core/ipv4/autoip.c'
'Executing target #47 C:/PPC/project_0721/LwIP/src/core/ipv4/dhcp.c'
'Executing target #48 C:/PPC/project_0721/LwIP/src/core/ipv4/etharp.c'
'Executing target #49 C:/PPC/project_0721/LwIP/src/core/ipv4/icmp.c'
'Executing target #50 C:/PPC/project_0721/LwIP/src/core/ipv4/igmp.c'
'Executing target #51 C:/PPC/project_0721/LwIP/src/core/ipv4/ip4.c'
'Executing target #52 C:/PPC/project_0721/LwIP/src/core/ipv4/ip4_addr.c'
'Executing target #53 C:/PPC/project_0721/LwIP/src/core/ipv4/ip4_frag.c'
'Executing target #54 C:/PPC/project_0721/LwIP/src/core/altcp.c'
'Executing target #55 C:/PPC/project_0721/LwIP/src/core/altcp_alloc.c'
'Executing target #56 C:/PPC/project_0721/LwIP/src/core/altcp_tcp.c'
'Executing target #57 C:/PPC/project_0721/LwIP/src/core/def.c'
'Executing target #58 C:/PPC/project_0721/LwIP/src/core/dns.c'
'Executing target #59 C:/PPC/project_0721/LwIP/src/core/inet_chksum.c'
'Executing target #60 C:/PPC/project_0721/LwIP/src/core/init.c'
'Executing target #61 C:/PPC/project_0721/LwIP/src/core/ip.c'
'Executing target #62 C:/PPC/project_0721/LwIP/src/core/mem.c'
'Executing target #63 C:/PPC/project_0721/LwIP/src/core/memp.c'
'Invoking: PowerPC AEABI e5500 C Compiler'
"C:/Freescale/CW_PA_v10.5.1/Cross_Tools/gcc-4.9.2-Ee5500-aeabi/bin/powerpc-aeabi-gcc" "C:/PPC/project_0721/xyp1022_project/driver/drv_gmac_crc.c" @"Sources/drv_gmac_crc.args" -MMD -MP -MF"Sources/drv_gmac_crc.d" -o"Sources/drv_gmac_crc.o"
'Executing target #64 C:/PPC/project_0721/LwIP/src/core/netif.c'
'Invoking: PowerPC AEABI e5500 C Compiler'
'Invoking: PowerPC AEABI e5500 C Compiler'
'Invoking: PowerPC AEABI e5500 C Compiler'
"C:/Freescale/CW_PA_v10.5.1/Cross_Tools/gcc-4.9.2-Ee5500-aeabi/bin/powerpc-aeabi-gcc" "C:/PPC/project_0721/xyp1022_project/driver/drv_gmac_phy.c" @"Sources/drv_gmac_phy.args" -MMD -MP -MF"Sources/drv_gmac_phy.d" -o"Sources/drv_gmac_phy.o"
'Invoking: PowerPC AEABI e5500 C Compiler'
'Finished building: C:/PPC/project_0721/xyp1022_project/driver/drv_gmac.c'
'Invoking: PowerPC AEABI e5500 C Compiler'
'Invoking: PowerPC AEABI e5500 C Compiler'
'Invoking: PowerPC AEABI e5500 C Compiler'
'Invoking: PowerPC AEABI e5500 C Compiler'
'Invoking: PowerPC AEABI e5500 C Compiler'
'Invoking: PowerPC AEABI e5500 C Compiler'
'Invoking: PowerPC AEABI e5500 C Compiler'
'Invoking: PowerPC AEABI e5500 C Compiler'
'Invoking: PowerPC AEABI e5500 C Compiler'
'Invoking: PowerPC AEABI e5500 C Compiler'
'Invoking: PowerPC AEABI e5500 C Compiler'
'Invoking: PowerPC AEABI e5500 C Compiler'
'Invoking: PowerPC AEABI e5500 C Compiler'
'Invoking: PowerPC AEABI e5500 C Compiler'
'Invoking: PowerPC AEABI e5500 C Compiler'
'Invoking: PowerPC AEABI e5500 C Compiler'
'Invoking: PowerPC AEABI e5500 C Compiler'
'Invoking: PowerPC AEABI e5500 C Compiler'
'Invoking: PowerPC AEABI e5500 C Compiler'
'Invoking: PowerPC AEABI e5500 C Compiler'
'Invoking: PowerPC AEABI e5500 C Compiler'
"C:/Freescale/CW_PA_v10.5.1/Cross_Tools/gcc-4.9.2-Ee5500-aeabi/bin/powerpc-aeabi-gcc" "C:/PPC/project_0721/xyp1022_project/driver/drv_uart.c" @"Sources/drv_uart.args" -MMD -MP -MF"Sources/drv_uart.d" -o"Sources/drv_uart.o"
'Invoking: PowerPC AEABI e5500 C Compiler'
'Invoking: PowerPC AEABI e5500 C Compiler'
[...]
"C:/Freescale/CW_PA_v10.5.1/Cross_Tools/gcc-4.9.2-Ee5500-aeabi/bin/powerpc-aeabi-gcc" "D:/ppc_xyp1022_XD/LwIP/src/core/inet_chksum.c" @"LwIP-core/inet_chksum.args" -MMD -MP -MF"LwIP-core/inet_chksum.d" -o"LwIP-core/inet_chksum.o"
"C:/Freescale/CW_PA_v10.5.1/Cross_Tools/gcc-4.9.2-Ee5500-aeabi/bin/powerpc-aeabi-gcc" "D:/ppc_xyp1022_XD/LwIP/src/core/init.c" @"LwIP-core/init.args" -MMD -MP -MF"LwIP-core/init.d" -o"LwIP-core/init.o"
"C:/Freescale/CW_PA_v10.5.1/Cross_Tools/gcc-4.9.2-Ee5500-aeabi/bin/powerpc-aeabi-gcc" "D:/ppc_xyp1022_XD/LwIP/src/core/ip.c" @"LwIP-core/ip.args" -MMD -MP -MF"LwIP-core/ip.d" -o"LwIP-core/ip.o"
"C:/Freescale/CW_PA_v10.5.1/Cross_Tools/gcc-4.9.2-Ee5500-aeabi/bin/powerpc-aeabi-gcc" "D:/ppc_xyp1022_XD/LwIP/src/core/mem.c" @"LwIP-core/mem.args" -MMD -MP -MF"LwIP-core/mem.d" -o"LwIP-core/mem.o"
"C:/Freescale/CW_PA_v10.5.1/Cross_Tools/gcc-4.9.2-Ee5500-aeabi/bin/powerpc-aeabi-gcc" "D:/ppc_xyp1022_XD/LwIP/src/core/memp.c" @"LwIP-core/memp.args" -MMD -MP -MF"LwIP-core/memp.d" -o"LwIP-core/memp.o"
"C:/Freescale/CW_PA_v10.5.1/Cross_Tools/gcc-4.9.2-Ee5500-aeabi/bin/powerpc-aeabi-gcc" "D:/ppc_xyp1022_XD/LwIP/src/core/netif.c" @"LwIP-core/netif.args" -MMD -MP -MF"LwIP-core/netif.d" -o"LwIP-core/netif.o"
'Finished building: D:/ppc_xyp1022_XD/xyp1022_project/driver/drv_gmac_crc.c'
'Finished building: D:/ppc_xyp1022_XD/xyp1022_project/driver/drv_gmac.c'
'Finished building: D:/ppc_xyp1022_XD/xyp1022_project/driver/drv_gmac_phy.c'
'Finished building: D:/ppc_xyp1022_XD/xyp1022_project/driver/drv_uart.c'
'Finished building: D:/ppc_xyp1022_XD/xyp1022_project/ThirdLib/Sources/dspi.c'
'Finished building: D:/ppc_xyp1022_XD/xyp1022_project/projects/ethernetif.c'
'Finished building: D:/ppc_xyp1022_XD/xyp1022_project/ThirdLib/Sources/iic_test.c'
'Finished building: D:/ppc_xyp1022_XD/xyp1022_project/projects/iperf.c'
'Finished building: D:/ppc_xyp1022_XD/xyp1022_project/projects/main.c'
'Finished building: D:/ppc_xyp1022_XD/xyp1022_project/ppc_driver/sysclock.c'
'Finished building: D:/ppc_xyp1022_XD/xyp1022_project/projects/arch/sys_arch.c'
'Finished building: D:/ppc_xyp1022_XD/LwIP/src/netif/bridgeif.c'
'Finished building: D:/ppc_xyp1022_XD/LwIP/src/netif/ethernet.c'
'Finished building: D:/ppc_xyp1022_XD/LwIP/src/core/ipv4/autoip.c'
'Finished building: D:/ppc_xyp1022_XD/LwIP/src/core/ipv4/dhcp.c'
'Finished building: D:/ppc_xyp1022_XD/LwIP/src/core/ipv4/etharp.c'
'Finished building: D:/ppc_xyp1022_XD/LwIP/src/core/ipv4/icmp.c'
'Finished building: D:/ppc_xyp1022_XD/LwIP/src/core/ipv4/igmp.c'
'Finished building: D:/ppc_xyp1022_XD/LwIP/src/core/ipv4/ip4.c'
'Finished building: D:/ppc_xyp1022_XD/LwIP/src/core/ipv4/ip4_addr.c'
'Finished building: D:/ppc_xyp1022_XD/LwIP/src/core/ipv4/ip4_frag.c'
'Finished building: D:/ppc_xyp1022_XD/LwIP/src/core/altcp.c'
'Finished building: D:/ppc_xyp1022_XD/LwIP/src/core/altcp_alloc.c'
'Finished building: D:/ppc_xyp1022_XD/LwIP/src/core/altcp_tcp.c'
'Finished building: D:/ppc_xyp1022_XD/LwIP/src/core/def.c'
'Finished building: D:/ppc_xyp1022_XD/LwIP/src/core/dns.c'
'Finished building: D:/ppc_xyp1022_XD/LwIP/src/core/inet_chksum.c'
'Finished building: D:/ppc_xyp1022_XD/LwIP/src/core/init.c'
'Finished building: D:/ppc_xyp1022_XD/LwIP/src/core/ip.c'
'Finished building: D:/ppc_xyp1022_XD/LwIP/src/core/mem.c'
'Finished building: D:/ppc_xyp1022_XD/LwIP/src/core/memp.c'
'Finished building: D:/ppc_xyp1022_XD/LwIP/src/core/netif.c'
' '
' '
' '
' '
' '
' '
' '
' '
' '
' '
' '
' '
' '
' '
' '
' '
' '
' '
' '
' '
' '
' '
' '
' '
' '
' '
' '
' '
' '
' '
' '
' '
'Building file: D:/ppc_xyp1022_XD/LwIP/src/core/pbuf.c'
'Building file: D:/ppc_xyp1022_XD/LwIP/src/core/raw.c'
'Building file: D:/ppc_xyp1022_XD/LwIP/src/core/stats.c'
'Building file: D:/ppc_xyp1022_XD/LwIP/src/core/sys.c'
'Building file: D:/ppc_xyp1022_XD/LwIP/src/core/tcp.c'
'Building file: D:/ppc_xyp1022_XD/LwIP/src/core/tcp_in.c'
'Building file: D:/ppc_xyp1022_XD/LwIP/src/core/tcp_out.c'
'Building file: D:/ppc_xyp1022_XD/LwIP/src/core/timeouts.c'
'Building file: D:/ppc_xyp1022_XD/LwIP/src/core/udp.c'
'Building file: D:/ppc_xyp1022_XD/LwIP/src/api/api_lib.c'
'Building file: D:/ppc_xyp1022_XD/LwIP/src/api/api_msg.c'
'Building file: D:/ppc_xyp1022_XD/LwIP/src/api/err.c'
'Building file: D:/ppc_xyp1022_XD/LwIP/src/api/if_api.c'
'Building file: D:/ppc_xyp1022_XD/LwIP/src/api/netbuf.c'
'Building file: D:/ppc_xyp1022_XD/LwIP/src/api/netdb.c'
'Building file: D:/ppc_xyp1022_XD/LwIP/src/api/netifapi.c'
'Building file: D:/ppc_xyp1022_XD/LwIP/src/api/sockets.c'
'Building file: D:/ppc_xyp1022_XD/LwIP/src/api/tcpip.c'
'Building file: D:/ppc_xyp1022_XD/FreeRTOS/FreeRTOS-Kernel/croutine.c'
'Building file: D:/ppc_xyp1022_XD/FreeRTOS/FreeRTOS-Kernel/event_groups.c'
'Building file: D:/ppc_xyp1022_XD/FreeRTOS/FreeRTOS-Kernel/portable/MemMang/heap_4.c'
'Building file: D:/ppc_xyp1022_XD/FreeRTOS/FreeRTOS-Kernel/list.c'
'Building file: D:/ppc_xyp1022_XD/FreeRTOS/FreeRTOS-Kernel/portable/GCC/PPC/port.c'
'Building file: D:/ppc_xyp1022_XD/FreeRTOS/FreeRTOS-Kernel/portable/GCC/PPC/portASM.S'
'Building file: D:/ppc_xyp1022_XD/FreeRTOS/FreeRTOS-Kernel/queue.c'
'Building file: D:/ppc_xyp1022_XD/FreeRTOS/FreeRTOS-Kernel/stream_buffer.c'
'Building file: D:/ppc_xyp1022_XD/FreeRTOS/FreeRTOS-Kernel/tasks.c'
'Building file: D:/ppc_xyp1022_XD/FreeRTOS/FreeRTOS-Kernel/timers.c'
'Building file: D:/ppc_xyp1022_XD/xyp1022_project/libs/ff15/source/diskio.c'
'Building file: D:/ppc_xyp1022_XD/xyp1022_project/libs/ff15/source/ff.c'
'Building file: D:/ppc_xyp1022_XD/xyp1022_project/libs/ff15/source/ffsystem.c'
'Building file: D:/ppc_xyp1022_XD/xyp1022_project/libs/ff15/source/ffunicode.c'
'Executing target #65 D:/ppc_xyp1022_XD/LwIP/src/core/pbuf.c'
'Executing target #66 D:/ppc_xyp1022_XD/LwIP/src/core/raw.c'
'Executing target #67 D:/ppc_xyp1022_XD/LwIP/src/core/stats.c'
'Executing target #68 D:/ppc_xyp1022_XD/LwIP/src/core/sys.c'
'Executing target #69 D:/ppc_xyp1022_XD/LwIP/src/core/tcp.c'
'Executing target #70 D:/ppc_xyp1022_XD/LwIP/src/core/tcp_in.c'
'Executing target #71 D:/ppc_xyp1022_XD/LwIP/src/core/tcp_out.c'
'Executing target #72 D:/ppc_xyp1022_XD/LwIP/src/core/timeouts.c'
'Executing target #73 D:/ppc_xyp1022_XD/LwIP/src/core/udp.c'
'Executing target #74 D:/ppc_xyp1022_XD/LwIP/src/api/api_lib.c'
'Executing target #75 D:/ppc_xyp1022_XD/LwIP/src/api/api_msg.c'
'Executing target #76 D:/ppc_xyp1022_XD/LwIP/src/api/err.c'
'Executing target #77 D:/ppc_xyp1022_XD/LwIP/src/api/if_api.c'
'Executing target #78 D:/ppc_xyp1022_XD/LwIP/src/api/netbuf.c'
'Executing target #79 D:/ppc_xyp1022_XD/LwIP/src/api/netdb.c'
'Executing target #80 D:/ppc_xyp1022_XD/LwIP/src/api/netifapi.c'
'Executing target #81 D:/ppc_xyp1022_XD/LwIP/src/api/sockets.c'
'Executing target #82 D:/ppc_xyp1022_XD/LwIP/src/api/tcpip.c'
'Executing target #83 D:/ppc_xyp1022_XD/FreeRTOS/FreeRTOS-Kernel/croutine.c'
'Executing target #84 D:/ppc_xyp1022_XD/FreeRTOS/FreeRTOS-Kernel/event_groups.c'
'Executing target #85 D:/ppc_xyp1022_XD/FreeRTOS/FreeRTOS-Kernel/portable/MemMang/heap_4.c'
'Executing target #86 D:/ppc_xyp1022_XD/FreeRTOS/FreeRTOS-Kernel/list.c'
'Executing target #87 D:/ppc_xyp1022_XD/FreeRTOS/FreeRTOS-Kernel/portable/GCC/PPC/port.c'
'Executing target #88 D:/ppc_xyp1022_XD/FreeRTOS/FreeRTOS-Kernel/portable/GCC/PPC/portASM.S'
'Executing target #89 D:/ppc_xyp1022_XD/FreeRTOS/FreeRTOS-Kernel/queue.c'
'Executing target #90 D:/ppc_xyp1022_XD/FreeRTOS/FreeRTOS-Kernel/stream_buffer.c'
'Executing target #91 D:/ppc_xyp1022_XD/FreeRTOS/FreeRTOS-Kernel/tasks.c'
'Executing target #92 D:/ppc_xyp1022_XD/FreeRTOS/FreeRTOS-Kernel/timers.c'
'Executing target #93 D:/ppc_xyp1022_XD/xyp1022_project/libs/ff15/source/diskio.c'
'Executing target #94 D:/ppc_xyp1022_XD/xyp1022_project/libs/ff15/source/ff.c'
'Executing target #95 D:/ppc_xyp1022_XD/xyp1022_project/libs/ff15/source/ffsystem.c'
'Executing target #96 D:/ppc_xyp1022_XD/xyp1022_project/libs/ff15/source/ffunicode.c'
'Invoking: PowerPC AEABI e5500 C Compiler'
'Invoking: PowerPC AEABI e5500 C Compiler'
'Invoking: PowerPC AEABI e5500 C Compiler'
'Invoking: PowerPC AEABI e5500 C Compiler'
'Invoking: PowerPC AEABI e5500 C Compiler'
'Invoking: PowerPC AEABI e5500 C Compiler'
'Invoking: PowerPC AEABI e5500 C Compiler'
'Invoking: PowerPC AEABI e5500 C Compiler'
'Invoking: PowerPC AEABI e5500 C Compiler'
'Invoking: PowerPC AEABI e5500 C Compiler'
'Invoking: PowerPC AEABI e5500 C Compiler'
'Invoking: PowerPC AEABI e5500 C Compiler'
'Invoking: PowerPC AEABI e5500 C Compiler'
'Invoking: PowerPC AEABI e5500 C Compiler'
'Invoking: PowerPC AEABI e5500 C Compiler'
'Invoking: PowerPC AEABI e5500 C Compiler'
'Invoking: PowerPC AEABI e5500 C Compiler'
'Invoking: PowerPC AEABI e5500 C Compiler'
'Invoking: PowerPC AEABI e5500 C Compiler'
'Invoking: PowerPC AEABI e5500 C Compiler'
'Invoking: PowerPC AEABI e5500 C Compiler'
'Invoking: PowerPC AEABI e5500 C Compiler'
'Invoking: PowerPC AEABI e5500 C Compiler'
'Invoking: PowerPC AEABI e5500 C Compiler'
'Invoking: PowerPC AEABI e5500 C Compiler'
'Invoking: PowerPC AEABI e5500 C Compiler'
'Invoking: PowerPC AEABI e5500 C Compiler'
'Invoking: PowerPC AEABI e5500 C Compiler'
'Invoking: PowerPC AEABI e5500 C Compiler'
'Invoking: PowerPC AEABI e5500 C Compiler'
"C:/Freescale/CW_PA_v10.5.1/Cross_Tools/gcc-4.9.2-Ee5500-aeabi/bin/powerpc-aeabi-gcc" "D:/ppc_xyp1022_XD/LwIP/src/core/pbuf.c" @"LwIP-core/pbuf.args" -MMD -MP -MF"LwIP-core/pbuf.d" -o"LwIP-core/pbuf.o"
'Invoking: PowerPC AEABI e5500 C Compiler'
"C:/Freescale/CW_PA_v10.5.1/Cross_Tools/gcc-4.9.2-Ee5500-aeabi/bin/powerpc-aeabi-gcc" "D:/ppc_xyp1022_XD/LwIP/src/core/raw.c" @"LwIP-core/raw.args" -MMD -MP -MF"LwIP-core/raw.d" -o"LwIP-core/raw.o"
"C:/Freescale/CW_PA_v10.5.1/Cross_Tools/gcc-4.9.2-Ee5500-aeabi/bin/powerpc-aeabi-gcc" "D:/ppc_xyp1022_XD/LwIP/src/core/stats.c" @"LwIP-core/stats.args" -MMD -MP -MF"LwIP-core/stats.d" -o"LwIP-core/stats.o"
'Invoking: PowerPC AEABI e5500 C Compiler'
"C:/Freescale/CW_PA_v10.5.1/Cross_Tools/gcc-4.9.2-Ee5500-aeabi/bin/powerpc-aeabi-gcc" "D:/ppc_xyp1022_XD/LwIP/src/core/sys.c" @"LwIP-core/sys.args" -MMD -MP -MF"LwIP-core/sys.d" -o"LwIP-core/sys.o"
"C:/Freescale/CW_PA_v10.5.1/Cross_Tools/gcc-4.9.2-Ee5500-aeabi/bin/powerpc-aeabi-gcc" "D:/ppc_xyp1022_XD/LwIP/src/core/tcp.c" @"LwIP-core/tcp.args" -MMD -MP -MF"LwIP-core/tcp.d" -o"LwIP-core/tcp.o"
"C:/Freescale/CW_PA_v10.5.1/Cross_Tools/gcc-4.9.2-Ee5500-aeabi/bin/powerpc-aeabi-gcc" "D:/ppc_xyp1022_XD/LwIP/src/core/tcp_in.c" @"LwIP-core/tcp_in.args" -MMD -MP -MF"LwIP-core/tcp_in.d" -o"LwIP-core/tcp_in.o"
"C:/Freescale/CW_PA_v10.5.1/Cross_Tools/gcc-4.9.2-Ee5500-aeabi/bin/powerpc-aeabi-gcc" "D:/ppc_xyp1022_XD/LwIP/src/core/tcp_out.c" @"LwIP-core/tcp_out.args" -MMD -MP -MF"LwIP-core/tcp_out.d" -o"LwIP-core/tcp_out.o"
"C:/Freescale/CW_PA_v10.5.1/Cross_Tools/gcc-4.9.2-Ee5500-aeabi/bin/powerpc-aeabi-gcc" "D:/ppc_xyp1022_XD/LwIP/src/core/timeouts.c" @"LwIP-core/timeouts.args" -MMD -MP -MF"LwIP-core/timeouts.d" -o"LwIP-core/timeouts.o"
"C:/Freescale/CW_PA_v10.5.1/Cross_Tools/gcc-4.9.2-Ee5500-aeabi/bin/powerpc-aeabi-gcc" "D:/ppc_xyp1022_XD/LwIP/src/core/udp.c" @"LwIP-core/udp.args" -MMD -MP -MF"LwIP-core/udp.d" -o"LwIP-core/udp.o"
"C:/Freescale/CW_PA_v10.5.1/Cross_Tools/gcc-4.9.2-Ee5500-aeabi/bin/powerpc-aeabi-gcc" "D:/ppc_xyp1022_XD/LwIP/src/api/api_lib.c" @"LwIP-api/api_lib.args" -MMD -MP -MF"LwIP-api/api_lib.d" -o"LwIP-api/api_lib.o"
"C:/Freescale/CW_PA_v10.5.1/Cross_Tools/gcc-4.9.2-Ee5500-aeabi/bin/powerpc-aeabi-gcc" "D:/ppc_xyp1022_XD/LwIP/src/api/api_msg.c" @"LwIP-api/api_msg.args" -MMD -MP -MF"LwIP-api/api_msg.d" -o"LwIP-api/api_msg.o"
"C:/Freescale/CW_PA_v10.5.1/Cross_Tools/gcc-4.9.2-Ee5500-aeabi/bin/powerpc-aeabi-gcc" "D:/ppc_xyp1022_XD/LwIP/src/api/err.c" @"LwIP-api/err.args" -MMD -MP -MF"LwIP-api/err.d" -o"LwIP-api/err.o"
"C:/Freescale/CW_PA_v10.5.1/Cross_Tools/gcc-4.9.2-Ee5500-aeabi/bin/powerpc-aeabi-gcc" "D:/ppc_xyp1022_XD/LwIP/src/api/if_api.c" @"LwIP-api/if_api.args" -MMD -MP -MF"LwIP-api/if_api.d" -o"LwIP-api/if_api.o"
"C:/Freescale/CW_PA_v10.5.1/Cross_Tools/gcc-4.9.2-Ee5500-aeabi/bin/powerpc-aeabi-gcc" "D:/ppc_xyp1022_XD/LwIP/src/api/netbuf.c" @"LwIP-api/netbuf.args" -MMD -MP -MF"LwIP-api/netbuf.d" -o"LwIP-api/netbuf.o"
"C:/Freescale/CW_PA_v10.5.1/Cross_Tools/gcc-4.9.2-Ee5500-aeabi/bin/powerpc-aeabi-gcc" "D:/ppc_xyp1022_XD/LwIP/src/api/netdb.c" @"LwIP-api/netdb.args" -MMD -MP -MF"LwIP-api/netdb.d" -o"LwIP-api/netdb.o"
"C:/Freescale/CW_PA_v10.5.1/Cross_Tools/gcc-4.9.2-Ee5500-aeabi/bin/powerpc-aeabi-gcc" "D:/ppc_xyp1022_XD/LwIP/src/api/netifapi.c" @"LwIP-api/netifapi.args" -MMD -MP -MF"LwIP-api/netifapi.d" -o"LwIP-api/netifapi.o"
"C:/Freescale/CW_PA_v10.5.1/Cross_Tools/gcc-4.9.2-Ee5500-aeabi/bin/powerpc-aeabi-gcc" "D:/ppc_xyp1022_XD/LwIP/src/api/sockets.c" @"LwIP-api/sockets.args" -MMD -MP -MF"LwIP-api/sockets.d" -o"LwIP-api/sockets.o"
"C:/Freescale/CW_PA_v10.5.1/Cross_Tools/gcc-4.9.2-Ee5500-aeabi/bin/powerpc-aeabi-gcc" "D:/ppc_xyp1022_XD/LwIP/src/api/tcpip.c" @"LwIP-api/tcpip.args" -MMD -MP -MF"LwIP-api/tcpip.d" -o"LwIP-api/tcpip.o"
"C:/Freescale/CW_PA_v10.5.1/Cross_Tools/gcc-4.9.2-Ee5500-aeabi/bin/powerpc-aeabi-gcc" "D:/ppc_xyp1022_XD/FreeRTOS/FreeRTOS-Kernel/croutine.c" @"FreeRTOS/croutine.args" -MMD -MP -MF"FreeRTOS/croutine.d" -o"FreeRTOS/croutine.o"
"C:/Freescale/CW_PA_v10.5.1/Cross_Tools/gcc-4.9.2-Ee5500-aeabi/bin/powerpc-aeabi-gcc" "D:/ppc_xyp1022_XD/FreeRTOS/FreeRTOS-Kernel/event_groups.c" @"FreeRTOS/event_groups.args" -MMD -MP -MF"FreeRTOS/event_groups.d" -o"FreeRTOS/event_groups.o"
"C:/Freescale/CW_PA_v10.5.1/Cross_Tools/gcc-4.9.2-Ee5500-aeabi/bin/powerpc-aeabi-gcc" "D:/ppc_xyp1022_XD/FreeRTOS/FreeRTOS-Kernel/portable/MemMang/heap_4.c" @"FreeRTOS/heap_4.args" -MMD -MP -MF"FreeRTOS/heap_4.d" -o"FreeRTOS/heap_4.o"
"C:/Freescale/CW_PA_v10.5.1/Cross_Tools/gcc-4.9.2-Ee5500-aeabi/bin/powerpc-aeabi-gcc" "D:/ppc_xyp1022_XD/FreeRTOS/FreeRTOS-Kernel/list.c" @"FreeRTOS/list.args" -MMD -MP -MF"FreeRTOS/list.d" -o"FreeRTOS/list.o"
"C:/Freescale/CW_PA_v10.5.1/Cross_Tools/gcc-4.9.2-Ee5500-aeabi/bin/powerpc-aeabi-gcc" "D:/ppc_xyp1022_XD/FreeRTOS/FreeRTOS-Kernel/portable/GCC/PPC/port.c" @"FreeRTOS/port.args" -MMD -MP -MF"FreeRTOS/port.d" -o"FreeRTOS/port.o"
"C:/Freescale/CW_PA_v10.5.1/Cross_Tools/gcc-4.9.2-Ee5500-aeabi/bin/powerpc-aeabi-gcc" "D:/ppc_xyp1022_XD/FreeRTOS/FreeRTOS-Kernel/portable/GCC/PPC/portASM.S" @"FreeRTOS/portASM.args" -MMD -MP -MF"FreeRTOS/portASM.d" -o"FreeRTOS/portASM.o"
"C:/Freescale/CW_PA_v10.5.1/Cross_Tools/gcc-4.9.2-Ee5500-aeabi/bin/powerpc-aeabi-gcc" "D:/ppc_xyp1022_XD/FreeRTOS/FreeRTOS-Kernel/queue.c" @"FreeRTOS/queue.args" -MMD -MP -MF"FreeRTOS/queue.d" -o"FreeRTOS/queue.o"
"C:/Freescale/CW_PA_v10.5.1/Cross_Tools/gcc-4.9.2-Ee5500-aeabi/bin/powerpc-aeabi-gcc" "D:/ppc_xyp1022_XD/FreeRTOS/FreeRTOS-Kernel/stream_buffer.c" @"FreeRTOS/stream_buffer.args" -MMD -MP -MF"FreeRTOS/stream_buffer.d" -o"FreeRTOS/stream_buffer.o"
"C:/Freescale/CW_PA_v10.5.1/Cross_Tools/gcc-4.9.2-Ee5500-aeabi/bin/powerpc-aeabi-gcc" "D:/ppc_xyp1022_XD/FreeRTOS/FreeRTOS-Kernel/tasks.c" @"FreeRTOS/tasks.args" -MMD -MP -MF"FreeRTOS/tasks.d" -o"FreeRTOS/tasks.o"
"C:/Freescale/CW_PA_v10.5.1/Cross_Tools/gcc-4.9.2-Ee5500-aeabi/bin/powerpc-aeabi-gcc" "D:/ppc_xyp1022_XD/FreeRTOS/FreeRTOS-Kernel/timers.c" @"FreeRTOS/timers.args" -MMD -MP -MF"FreeRTOS/timers.d" -o"FreeRTOS/timers.o"
"C:/Freescale/CW_PA_v10.5.1/Cross_Tools/gcc-4.9.2-Ee5500-aeabi/bin/powerpc-aeabi-gcc" "D:/ppc_xyp1022_XD/xyp1022_project/libs/ff15/source/diskio.c" @"FatFS/diskio.args" -MMD -MP -MF"FatFS/diskio.d" -o"FatFS/diskio.o"
"C:/Freescale/CW_PA_v10.5.1/Cross_Tools/gcc-4.9.2-Ee5500-aeabi/bin/powerpc-aeabi-gcc" "D:/ppc_xyp1022_XD/xyp1022_project/libs/ff15/source/ff.c" @"FatFS/ff.args" -MMD -MP -MF"FatFS/ff.d" -o"FatFS/ff.o"
"C:/Freescale/CW_PA_v10.5.1/Cross_Tools/gcc-4.9.2-Ee5500-aeabi/bin/powerpc-aeabi-gcc" "D:/ppc_xyp1022_XD/xyp1022_project/libs/ff15/source/ffsystem.c" @"FatFS/ffsystem.args" -MMD -MP -MF"FatFS/ffsystem.d" -o"FatFS/ffsystem.o"
"C:/Freescale/CW_PA_v10.5.1/Cross_Tools/gcc-4.9.2-Ee5500-aeabi/bin/powerpc-aeabi-gcc" "D:/ppc_xyp1022_XD/xyp1022_project/libs/ff15/source/ffunicode.c" @"FatFS/ffunicode.args" -MMD -MP -MF"FatFS/ffunicode.d" -o"FatFS/ffunicode.o"
'Finished building: D:/ppc_xyp1022_XD/LwIP/src/core/pbuf.c'
'Finished building: D:/ppc_xyp1022_XD/LwIP/src/core/raw.c'
'Finished building: D:/ppc_xyp1022_XD/LwIP/src/core/stats.c'
'Finished building: D:/ppc_xyp1022_XD/LwIP/src/core/sys.c'
'Finished building: D:/ppc_xyp1022_XD/LwIP/src/core/tcp.c'
'Finished building: D:/ppc_xyp1022_XD/LwIP/src/core/tcp_in.c'
'Finished building: D:/ppc_xyp1022_XD/LwIP/src/core/tcp_out.c'
'Finished building: D:/ppc_xyp1022_XD/LwIP/src/core/timeouts.c'
'Finished building: D:/ppc_xyp1022_XD/LwIP/src/core/udp.c'
'Finished building: D:/ppc_xyp1022_XD/LwIP/src/api/api_lib.c'
'Finished building: D:/ppc_xyp1022_XD/LwIP/src/api/api_msg.c'
'Finished building: D:/ppc_xyp1022_XD/LwIP/src/api/err.c'
'Finished building: D:/ppc_xyp1022_XD/LwIP/src/api/if_api.c'
'Finished building: D:/ppc_xyp1022_XD/LwIP/src/api/netbuf.c'
'Finished building: D:/ppc_xyp1022_XD/LwIP/src/api/netdb.c'
'Finished building: D:/ppc_xyp1022_XD/LwIP/src/api/netifapi.c'
'Finished building: D:/ppc_xyp1022_XD/LwIP/src/api/tcpip.c'
'Finished building: D:/ppc_xyp1022_XD/LwIP/src/api/sockets.c'
'Finished building: D:/ppc_xyp1022_XD/FreeRTOS/FreeRTOS-Kernel/croutine.c'
'Finished building: D:/ppc_xyp1022_XD/FreeRTOS/FreeRTOS-Kernel/event_groups.c'
'Finished building: D:/ppc_xyp1022_XD/FreeRTOS/FreeRTOS-Kernel/portable/MemMang/heap_4.c'
'Finished building: D:/ppc_xyp1022_XD/FreeRTOS/FreeRTOS-Kernel/list.c'
'Finished building: D:/ppc_xyp1022_XD/FreeRTOS/FreeRTOS-Kernel/portable/GCC/PPC/port.c'
'Finished building: D:/ppc_xyp1022_XD/FreeRTOS/FreeRTOS-Kernel/portable/GCC/PPC/portASM.S'
'Finished building: D:/ppc_xyp1022_XD/FreeRTOS/FreeRTOS-Kernel/queue.c'
'Finished building: D:/ppc_xyp1022_XD/FreeRTOS/FreeRTOS-Kernel/stream_buffer.c'
'Finished building: D:/ppc_xyp1022_XD/FreeRTOS/FreeRTOS-Kernel/timers.c'
'Finished building: D:/ppc_xyp1022_XD/xyp1022_project/libs/ff15/source/diskio.c'
'Finished building: D:/ppc_xyp1022_XD/xyp1022_project/libs/ff15/source/ffsystem.c'
'Finished building: D:/ppc_xyp1022_XD/xyp1022_project/libs/ff15/source/ffunicode.c'
'Finished building: D:/ppc_xyp1022_XD/FreeRTOS/FreeRTOS-Kernel/tasks.c'
' '
' '
' '
' '
' '
' '
' '
'Finished building: D:/ppc_xyp1022_XD/xyp1022_project/libs/ff15/source/ff.c'
' '
' '
' '
' '
' '
' '
' '
' '
' '
' '
' '
' '
' '
' '
' '
' '
' '
' '
' '
' '
' '
' '
' '
' '
' '
'Building target: xyp1022_project-core00.elf'
'Executing target #97 xyp1022_project-core00.elf'
'Invoking: PowerPC AEABI e5500 C Linker'
"C:/Freescale/CW_PA_v10.5.1/Cross_Tools/gcc-4.9.2-Ee5500-aeabi/bin/powerpc-aeabi-gcc"    @"xyp1022_project-core00.args" -o"xyp1022_project-core00.elf"
'Finished building target: xyp1022_project-core00.elf'
' '
"C:/Freescale/CW_PA_v10.5.1/gnu/bin/mingw32-make" --no-print-directory post-build
"C:\Freescale\CW_PA_v10.5.1\eclipse\../Cross_Tools/gcc-4.9.2-Ee5500-aeabi/bin/powerpc-aeabi-objdump" -D -S  xyp1022_project-core00.elf > xyp1022_project-core00.elf.asm && "C:\Freescale\CW_PA_v10.5.1\eclipse\../Cross_Tools/gcc-4.9.2-Ee5500-aeabi/bin/powerpc-aeabi-nm" -C -n -l  xyp1022_project-core00.elf > xyp1022_project-core00.sym && "C:\Freescale\CW_PA_v10.5.1\eclipse\../Cross_Tools/gcc-4.9.2-Ee5500-aeabi/bin/powerpc-aeabi-objcopy" -S -O binary xyp1022_project-core00.elf xyp1022_project-core00.bin && "C:\Freescale\CW_PA_v10.5.1\eclipse\../Cross_Tools/gcc-4.9.2-Ee5500-aeabi/bin/powerpc-aeabi-size" xyp1022_project-core00.elf
   text	   data	    bss	    dec	    hex	filename
 238280	  31976	 178248	 448504	  6d7f8	xyp1022_project-core00.elf
' '

**** Build of configuration RAM for project xyp1022_project-core00 ****

C:\Freescale\CW_PA_v10.5.1\gnu\bin\mingw32-make -j32 all 
mingw32-make: Nothing to be done for `all'.

**** Build of configuration RAM for project xyp1022_project-core00 ****

C:\Freescale\CW_PA_v10.5.1\gnu\bin\mingw32-make -j32 all 
mingw32-make: Nothing to be done for `all'.
